ARM Linker, 4.1 [Build 481] [Standard]

==============================================================================

Section Cross References

    startup_stm32f10x_hd.o(STACK) refers (Special) to heapauxi.o(.text) for __use_two_region_memory
    startup_stm32f10x_hd.o(HEAP) refers (Special) to heapauxi.o(.text) for __use_two_region_memory
    startup_stm32f10x_hd.o(RESET) refers (Special) to heapauxi.o(.text) for __use_two_region_memory
    startup_stm32f10x_hd.o(RESET) refers to startup_stm32f10x_hd.o(.text) for Reset_Handler
    startup_stm32f10x_hd.o(RESET) refers to stm32f10x_it.o(.text) for NMI_Handler
    startup_stm32f10x_hd.o(RESET) refers to tm_stm32f4_rtc.o(.text) for RTC_IRQHandler
    startup_stm32f10x_hd.o(RESET) refers to tm_stm32f4_delay.o(.text) for TIM2_IRQHandler
    startup_stm32f10x_hd.o(RESET) refers to tm_stm32f4_usart.o(.text) for USART1_IRQHandler
    startup_stm32f10x_hd.o(RESET) refers to fatfs_sd_sdio.o(.text) for SDIO_IRQHandler
    startup_stm32f10x_hd.o(.text) refers (Special) to heapauxi.o(.text) for __use_two_region_memory
    startup_stm32f10x_hd.o(.text) refers to startup_stm32f10x_hd.o(STACK) for __initial_sp
    startup_stm32f10x_hd.o(.text) refers to __main.o(!!!main) for __main
    startup_stm32f10x_hd.o(.text) refers to startup_stm32f10x_hd.o(HEAP) for Heap_Mem
    main.o(.text) refers to system_stm32f10x.o(.text) for SystemInit
    main.o(.text) refers to tm_stm32f4_delay.o(.text) for TM_DELAY_Init
    main.o(.text) refers to ff.o(.text) for f_mount
    main.o(.text) refers to noretval__2printf.o(.text) for __2printf
    main.o(.text) refers to tm_stm32f4_fatfs.o(.text) for TM_FATFS_DriveSize
    main.o(.text) refers to tm_stm32f4_delay.o(.data) for TM_Time
    tm_stm32f4_timer_properties.o(.text) refers to stm32f10x_rcc.o(.text) for RCC_GetClocksFreq
    tm_stm32f4_timer_properties.o(.text) refers to dflt_clz.o(x$fpl$dfltu) for __aeabi_ui2d
    tm_stm32f4_timer_properties.o(.text) refers to dleqf.o(x$fpl$dleqf) for __aeabi_cdcmple
    tm_stm32f4_timer_properties.o(.text) refers to deqf.o(x$fpl$deqf) for __aeabi_cdcmpeq
    tm_stm32f4_timer_properties.o(.text) refers to ddiv.o(x$fpl$ddiv) for __aeabi_ddiv
    tm_stm32f4_timer_properties.o(.text) refers to dfixu.o(x$fpl$dfixu) for __aeabi_d2uiz
    tm_stm32f4_delay.o(.text) refers to stm32f10x_tim.o(.text) for TIM_ClearITPendingBit
    tm_stm32f4_delay.o(.text) refers to tm_stm32f4_timer_properties.o(.text) for TM_TIMER_PROPERTIES_GetTimerProperties
    tm_stm32f4_delay.o(.text) refers to misc.o(.text) for NVIC_PriorityGroupConfig
    tm_stm32f4_delay.o(.text) refers to stm32f10x_rcc.o(.text) for RCC_HSEConfig
    tm_stm32f4_delay.o(.text) refers to tm_stm32f4_delay.o(.data) for TM_Time
    tm_stm32f4_delay.o(.text) refers to system_stm32f10x.o(.constdata) for SystemFrequency_SysClk
    tm_stm32f4_ds18b20.o(.text) refers to tm_stm32f4_onewire.o(.text) for TM_OneWire_Reset
    tm_stm32f4_ds18b20.o(.text) refers to fflt_clz.o(x$fpl$fflt) for __aeabi_i2f
    tm_stm32f4_ds18b20.o(.text) refers to fmul.o(x$fpl$fmul) for __aeabi_fmul
    tm_stm32f4_ds18b20.o(.text) refers to faddsub_clz.o(x$fpl$fadd) for __aeabi_fadd
    tm_stm32f4_ds18b20.o(.text) refers to faddsub_clz.o(x$fpl$fsub) for __aeabi_fsub
    tm_stm32f4_onewire.o(.text) refers to tm_stm32f4_delay.o(.text) for TM_DELAY_Init
    tm_stm32f4_onewire.o(.text) refers to stm32f10x_rcc.o(.text) for RCC_APB2PeriphClockCmd
    tm_stm32f4_onewire.o(.text) refers to stm32f10x_gpio.o(.text) for GPIO_Init
    tm_stm32f4_onewire.o(.text) refers to tm_stm32f4_onewire.o(.data) for OGIS
    tm_stm32f4_am2301.o(.text) refers to stm32f10x_rcc.o(.text) for RCC_APB2PeriphClockCmd
    tm_stm32f4_am2301.o(.text) refers to stm32f10x_gpio.o(.text) for GPIO_Init
    tm_stm32f4_am2301.o(.text) refers to tm_stm32f4_delay.o(.text) for TM_DELAY_Init
    tm_stm32f4_am2301.o(.text) refers to tm_stm32f4_am2301.o(.data) for AM2301_GPIO_InitStruct
    tm_stm32f4_rtc.o(.text) refers to rt_memcpy_w.o(.text) for __aeabi_memcpy4
    tm_stm32f4_rtc.o(.text) refers to stm32f10x_rtc.o(.text) for RTC_WaitForLastTask
    tm_stm32f4_rtc.o(.text) refers to stm32f10x_bkp.o(.text) for BKP_WriteBackupRegister
    tm_stm32f4_rtc.o(.text) refers to stm32f10x_rcc.o(.text) for RCC_LSICmd
    tm_stm32f4_rtc.o(.text) refers to stm32f10x_pwr.o(.text) for PWR_BackupAccessCmd
    tm_stm32f4_rtc.o(.text) refers to stm32f10x_exti.o(.text) for EXTI_ClearITPendingBit
    tm_stm32f4_rtc.o(.text) refers to tm_stm32f4_rtc.o(.constdata) for .constdata
    tm_stm32f4_rtc.o(.text) refers to tm_stm32f4_rtc.o(.data) for TM_RTC_Status
    tm_stm32f4_rtc.o(.text) refers to misc.o(.text) for NVIC_Init
    tm_stm32f4_rtc.o(.text) refers (Weak) to timer.o(.text) for TM_RTC_RequestHandler
    tm_stm32f4_gpio.o(.text) refers to stm32f10x_rcc.o(.text) for RCC_APB2PeriphClockCmd
    tm_stm32f4_gpio.o(.text) refers to stm32f10x_gpio.o(.text) for GPIO_Init
[...]
    .text                                    0x08001478   Section        0  diskio.o(.text)
    .text                                    0x08001564   Section        0  ff.o(.text)
    mem_cpy                                  0x08001565   Thumb Code    26  ff.o(.text)
    mem_set                                  0x0800157f   Thumb Code    20  ff.o(.text)
    mem_cmp                                  0x08001593   Thumb Code    38  ff.o(.text)
    chk_chr                                  0x080015b9   Thumb Code    20  ff.o(.text)
    sync_window                              0x080015cd   Thumb Code    82  ff.o(.text)
    move_window                              0x0800161f   Thumb Code    52  ff.o(.text)
    sync_fs                                  0x08001653   Thumb Code   200  ff.o(.text)
    remove_chain                             0x08001969   Thumb Code   108  ff.o(.text)
    create_chain                             0x080019d5   Thumb Code   214  ff.o(.text)
    dir_sdi                                  0x08001aab   Thumb Code   158  ff.o(.text)
    dir_next                                 0x08001b49   Thumb Code   268  ff.o(.text)
    dir_alloc                                0x08001c55   Thumb Code    92  ff.o(.text)
    ld_clust                                 0x08001cb1   Thumb Code    32  ff.o(.text)
    st_clust                                 0x08001cd1   Thumb Code    16  ff.o(.text)
    cmp_lfn                                  0x08001ce1   Thumb Code   140  ff.o(.text)
    pick_lfn                                 0x08001d6d   Thumb Code   112  ff.o(.text)
    fit_lfn                                  0x08001ddd   Thumb Code   122  ff.o(.text)
    gen_numname                              0x08001e57   Thumb Code   178  ff.o(.text)
    sum_sfn                                  0x08001f09   Thumb Code    32  ff.o(.text)
    dir_find                                 0x08001f29   Thumb Code   242  ff.o(.text)
    dir_read                                 0x0800201b   Thumb Code   196  ff.o(.text)
    dir_register                             0x080020df   Thumb Code   320  ff.o(.text)
    dir_remove                               0x0800221f   Thumb Code   106  ff.o(.text)
    get_fileinfo                             0x08002289   Thumb Code   260  ff.o(.text)
    get_achar                                0x0800238d   Thumb Code    38  ff.o(.text)
    pattern_matching                         0x080023b3   Thumb Code   196  ff.o(.text)
    create_name                              0x08002477   Thumb Code   638  ff.o(.text)
    follow_path                              0x080026f5   Thumb Code   200  ff.o(.text)
    get_ldnumber                             0x080027bd   Thumb Code    76  ff.o(.text)
    check_fs                                 0x08002809   Thumb Code   140  ff.o(.text)
    find_volume                              0x08002895   Thumb Code   928  ff.o(.text)
    validate                                 0x08002c35   Thumb Code    54  ff.o(.text)
    putc_bfd                                 0x08003fbf   Thumb Code    78  ff.o(.text)
    .text                                    0x08004304   Section        0  unicode.o(.text)
    .text                                    0x08004388   Section        0  fatfs_sd_sdio.o(.text)
    CmdResp1Error                            0x0800438d   Thumb Code   296  fatfs_sd_sdio.o(.text)
    FindSCR                                  0x080044b5   Thumb Code   384  fatfs_sd_sdio.o(.text)
    SDEnWideBus                              0x08004635   Thumb Code   270  fatfs_sd_sdio.o(.text)
    CmdResp2Error                            0x08004b69   Thumb Code    98  fatfs_sd_sdio.o(.text)
    CmdResp6Error                            0x08004bcb   Thumb Code   150  fatfs_sd_sdio.o(.text)
    CmdResp3Error                            0x08004d87   Thumb Code    50  fatfs_sd_sdio.o(.text)
    CmdResp7Error                            0x08004db9   Thumb Code    72  fatfs_sd_sdio.o(.text)
    CmdError                                 0x08004e01   Thumb Code    44  fatfs_sd_sdio.o(.text)
    IsCardProgramming                        0x08005cb1   Thumb Code   342  fatfs_sd_sdio.o(.text)
    .text                                    0x08006148   Section        0  stm32f10x_gpio.o(.text)
    .text                                    0x08006474   Section        0  stm32f10x_rcc.o(.text)
    .text                                    0x08006814   Section        0  stm32f10x_dma.o(.text)
    .text                                    0x08006a58   Section        0  misc.o(.text)
    .text                                    0x08006b50   Section        0  stm32f10x_tim.o(.text)
    TI4_Config                               0x08006e53   Thumb Code    70  stm32f10x_tim.o(.text)
    TI3_Config                               0x08006eab   Thumb Code    64  stm32f10x_tim.o(.text)
    TI2_Config                               0x08006f01   Thumb Code    84  stm32f10x_tim.o(.text)
    TI1_Config                               0x08006f67   Thumb Code    54  stm32f10x_tim.o(.text)
    .text                                    0x080076b4   Section        0  stm32f10x_rtc.o(.text)
    .text                                    0x0800782c   Section        0  stm32f10x_bkp.o(.text)
    .text                                    0x080078ec   Section        0  stm32f10x_pwr.o(.text)
    .text                                    0x080079b4   Section        0  stm32f10x_exti.o(.text)
    .text                                    0x08007b14   Section        0  stm32f10x_usart.o(.text)
    .text                                    0x08007e8c   Section        0  stm32f10x_sdio.o(.text)
    .text                                    0x08008060   Section        0  system_stm32f10x.o(.text)
    SetSysClockTo72                          0x08008061   Thumb Code   198  system_stm32f10x.o(.text)
    SetSysClock                              0x08008127   Thumb Code     8  system_stm32f10x.o(.text)
    .text                                    0x08008184   Section      238  lludivv7m.o(.text)
    .text                                    0x08008274   Section        0  noretval__2printf.o(.text)
    .text                                    0x0800828c   Section      100  rt_memcpy_w.o(.text)
    .text                                    0x080082f0   Section       78  rt_memclr_w.o(.text)
    .text                                    0x0800833e   Section        0  heapauxi.o(.text)
    .text                                    0x08008344   Section        0  _printf_char_file.o(.text)
    .text                                    0x08008368   Section        0  _printf_char_common.o(.text)
    _printf_input_char                       0x08008369   Thumb Code    10  _printf_char_common.o(.text)
    .text                                    0x08008398   Section        0  ferror.o(.text)
    .text                                    0x080083a0   Section       74  sys_stackheap_outer.o(.text)
    .text                                    0x080083ea   Section        0  __printf_nopercent.o(.text)
    .text                                    0x08008410   Section        0  exit.o(.text)
    .text                                    0x0800841c   Section        8  libspace.o(.text)
    .text                                    0x08008424   Section        0  sys_exit.o(.text)
    .text                                    0x08008430   Section       12  rt_fp_status_addr_intlibspace.o(.text)
    .text                                    0x0800843c   Section        2  use_no_semi.o(.text)
    x$fpl$dcmpinf                            0x0800843e   Section       24  dcmpi.o(x$fpl$dcmpinf)
    x$fpl$ddiv                               0x08008458   Section      688  ddiv.o(x$fpl$ddiv)
    ddiv_entry                               0x0800845f   Thumb Code     0  ddiv.o(x$fpl$ddiv)
    x$fpl$deqf                               0x08008708   Section      120  deqf.o(x$fpl$deqf)
    x$fpl$dfixu                              0x08008780   Section       90  dfixu.o(x$fpl$dfixu)
    x$fpl$dfltu                              0x080087da   Section       38  dflt_clz.o(x$fpl$dfltu)
    x$fpl$dleqf                              0x08008800   Section      120  dleqf.o(x$fpl$dleqf)
    x$fpl$dnaninf                            0x08008878   Section      156  dnaninf.o(x$fpl$dnaninf)
    x$fpl$dretinf                            0x08008914   Section       12  dretinf.o(x$fpl$dretinf)
    x$fpl$fpinit                             0x08008920   Section       14  fpinit.o(x$fpl$fpinit)
    x$fpl$usenofp                            0x0800892e   Section        0  usenofp.o(x$fpl$usenofp)
    .constdata                               0x08008930   Section       48  tm_stm32f4_rtc.o(.constdata)
    .constdata                               0x08008960   Section      141  ff.o(.constdata)
    ExCvt                                    0x08008960   Data         128  ff.o(.constdata)
    LfnOfs                                   0x080089e0   Data          13  ff.o(.constdata)
    .constdata                               0x080089ee   Section     1216  unicode.o(.constdata)
    Tbl                                      0x080089ee   Data         256  unicode.o(.constdata)
    tbl_lower                                0x08008aee   Data         480  unicode.o(.constdata)
    tbl_upper                                0x08008cce   Data         480  unicode.o(.constdata)
    .constdata                               0x08008eb0   Section       20  system_stm32f10x.o(.constdata)
    .data                                    0x20000000   Section        8  debug_uart.o(.data)
    .data                                    0x20000008   Section       20  tm_stm32f4_delay.o(.data)
    .data                                    0x2000001c   Section       88  tm_stm32f4_rtc.o(.data)
    month_days                               0x20000038   Data          48  tm_stm32f4_rtc.o(.data)
    .data                                    0x20000074   Section        4  tm_stm32f4_gpio.o(.data)
    GPIO_InitStruct                          0x20000074   Data           4  tm_stm32f4_gpio.o(.data)
    .data                                    0x20000078   Section       80  tm_stm32f4_usart.o(.data)
    .data                                    0x200000c8   Section       11  ff.o(.data)
    FatFs                                    0x200000c8   Data           8  ff.o(.data)
    Fsid                                     0x200000d0   Data           2  ff.o(.data)
    CurrVol                                  0x200000d2   Data           1  ff.o(.data)
    .data                                    0x200000d4   Section       25  fatfs_sd_sdio.o(.data)
    CardType                                 0x200000d4   Data           4  fatfs_sd_sdio.o(.data)
    RCA                                      0x200000d8   Data           4  fatfs_sd_sdio.o(.data)
    TM_FATFS_SD_SDIO_Stat                    0x200000ec   Data           1  fatfs_sd_sdio.o(.data)
    .data                                    0x200000ed   Section       20  stm32f10x_rcc.o(.data)
    APBAHBPrescTable                         0x200000ed   Data          16  stm32f10x_rcc.o(.data)
    ADCPrescTable                            0x200000fd   Data           4  stm32f10x_rcc.o(.data)
    .bss                                     0x20000104   Section      160  tm_stm32f4_usart.o(.bss)
    .bss                                     0x200001a4   Section      512  ff.o(.bss)
    LfnBuf                                   0x200001a4   Data         512  ff.o(.bss)
    .bss                                     0x200003a8   Section      204  fatfs_sd_sdio.o(.bss)
    CSD_Tab                                  0x200003a8   Data          16  fatfs_sd_sdio.o(.bss)
    CID_Tab                                  0x200003b8   Data          16  fatfs_sd_sdio.o(.bss)
    SDSTATUS_Tab                             0x200003c8   Data          16  fatfs_sd_sdio.o(.bss)
    .bss                                     0x20000474   Section       96  libspace.o(.bss)
    HEAP                                     0x200004d8   Section        0  startup_stm32f10x_hd.o(HEAP)
    STACK                                    0x200004d8   Section      512  startup_stm32f10x_hd.o(STACK)
    Heap_Mem                                 0x200004d8   Data           0  startup_stm32f10x_hd.o(HEAP)
    Stack_Mem                                0x200004d8   Data         512  startup_stm32f10x_hd.o(STACK)
    __initial_sp                             0x200006d8   Data           0  startup_stm32f10x_hd.o(STACK)

    Global Symbols

    Symbol Name                              Value     Ov Type        Size  Object(Section)

    BuildAttributes$$THM_ISAv4$P$D$K$B$S$PE$A:L22UL41UL21$X:L11$S22US41US21$IEEE1$IW$USESV6$~STKCKD$USESV7$~SHL$OSPACE$ROPI$EBA8$UX$STANDARDLIB$REQ8$PRES8$EABIv2 0x00000000   Number         0  anon$$obj.o ABSOLUTE
    __ARM_use_no_argv                        0x00000000   Number         0  main.o ABSOLUTE
    TM_DELAY_1msHandler                       - Undefined Weak Reference
    TM_RTC_AlarmAHandler                      - Undefined Weak Reference
    Timer1Function                            - Undefined Weak Reference
    Timer2Function                            - Undefined Weak Reference
    __ARM_exceptions_init                     - Undefined Weak Reference
    __alloca_initialize                       - Undefined Weak Reference
    __cpp_initialize__aeabi_                  - Undefined Weak Reference
    __cxa_finalize                            - Undefined Weak Reference
    __rt_locale                               - Undefined Weak Reference
    __sigvec_lookup                           - Undefined Weak Reference
    _atexit_init                              - Undefined Weak Reference
    _call_atexit_fns                          - Undefined Weak Reference
    _clock_init                               - Undefined Weak Reference
    _fp_trap_init                             - Undefined Weak Reference
    _fp_trap_shutdown                         - Undefined Weak Reference
    _get_lc_collate                           - Undefined Weak Reference
    _get_lc_ctype                             - Undefined Weak Reference
    _get_lc_monetary                          - Undefined Weak Reference
    _get_lc_numeric                           - Undefined Weak Reference
    _get_lc_time                              - Undefined Weak Reference
    _getenv_init                              - Undefined Weak Reference
    _handle_redirection                       - Undefined Weak Reference
    _init_alloc                               - Undefined Weak Reference
    _init_user_alloc                          - Undefined Weak Reference
    _initio                                   - Undefined Weak Reference
    _mutex_acquire                            - Undefined Weak Reference
    _mutex_release                            - Undefined Weak Reference
    _rand_init                                - Undefined Weak Reference
    _signal_finish                            - Undefined Weak Reference
    _signal_init                              - Undefined Weak Reference
    _terminate_alloc                          - Undefined Weak Reference
    _terminate_user_alloc                     - Undefined Weak Reference
    _terminateio                              - Undefined Weak Reference
    __Vectors_Size                           0x00000130   Number         0  startup_stm32f10x_hd.o ABSOLUTE
    __Vectors                                0x08000000   Data           4  startup_stm32f10x_hd.o(RESET)
    __Vectors_End                            0x08000130   Data           0  startup_stm32f10x_hd.o(RESET)
    __main                                   0x08000131   Thumb Code     8  __main.o(!!!main)
    __scatterload                            0x08000139   Thumb Code     0  __scatter.o(!!!scatter)
    __scatterload_rt2                        0x08000139   Thumb Code    44  __scatter.o(!!!scatter)
    __scatterload_rt2_thumb_only             0x08000139   Thumb Code     0  __scatter.o(!!!scatter)
    __scatterload_null                       0x08000147   Thumb Code     0  __scatter.o(!!!scatter)
    __scatterload_copy                       0x0800016d   Thumb Code    26  __scatter_copy.o(!!handler_copy)
    __scatterload_zeroinit                   0x08000189   Thumb Code    28  __scatter_zi.o(!!handler_zi)
    __rt_lib_init                            0x080001a5   Thumb Code     0  libinit.o(.ARM.Collect$$libinit$$00000000)
    __rt_lib_init_alloca_1                   0x080001ab   Thumb Code     0  libinit2.o(.ARM.Collect$$libinit$$0000002A)
    __rt_lib_init_argv_1                     0x080001ab   Thumb Code     0  libinit2.o(.ARM.Collect$$libinit$$00000028)
    __rt_lib_init_atexit_1                   0x080001ab   Thumb Code     0  libinit2.o(.ARM.Collect$$libinit$$00000017)
    __rt_lib_init_clock_1                    0x080001ab   Thumb Code     0  libinit2.o(.ARM.Collect$$libinit$$0000001D)
    __rt_lib_init_cpp_1                      0x080001ab   Thumb Code     0  libinit2.o(.ARM.Collect$$libinit$$0000002E)
    __rt_lib_init_exceptions_1               0x080001ab   Thumb Code     0  libinit2.o(.ARM.Collect$$libinit$$0000002C)
    __rt_lib_init_fp_trap_1                  0x080001ab   Thumb Code     0  libinit2.o(.ARM.Collect$$libinit$$0000001B)
    __rt_lib_init_getenv_1                   0x080001ab   Thumb Code     0  libinit2.o(.ARM.Collect$$libinit$$0000001F)
    __rt_lib_init_heap_1                     0x080001ab   Thumb Code     0  libinit2.o(.ARM.Collect$$libinit$$00000006)
    __rt_lib_init_lc_collate_1               0x080001ab   Thumb Code     0  libinit2.o(.ARM.Collect$$libinit$$0000000D)
    __rt_lib_init_lc_ctype_1                 0x080001ab   Thumb Code     0  libinit2.o(.ARM.Collect$$libinit$$0000000F)
    __rt_lib_init_lc_monetary_1              0x080001ab   Thumb Code     0  libinit2.o(.ARM.Collect$$libinit$$00000011)
    __rt_lib_init_lc_numeric_1               0x080001ab   Thumb Code     0  libinit2.o(.ARM.Collect$$libinit$$00000013)
    __rt_lib_init_lc_time_1                  0x080001ab   Thumb Code     0  libinit2.o(.ARM.Collect$$libinit$$00000015)
    __rt_lib_init_rand_1                     0x080001ab   Thumb Code     0  libinit2.o(.ARM.Collect$$libinit$$0000000A)
    __rt_lib_init_return                     0x080001ab   Thumb Code     0  libinit2.o(.ARM.Collect$$libinit$$0000002F)
    __rt_lib_init_signal_1                   0x080001ab   Thumb Code     0  libinit2.o(.ARM.Collect$$libinit$$00000019)
    __rt_lib_init_stdio_1                    0x080001ab   Thumb Code     0  libinit2.o(.ARM.Collect$$libinit$$00000021)
    __rt_lib_init_user_alloc_1               0x080001ab   Thumb Code     0  libinit2.o(.ARM.Collect$$libinit$$00000008)
    __rt_lib_shutdown                        0x080001ad   Thumb Code     0  libshutdown.o(.ARM.Collect$$libshutdown$$00000000)
    __rt_lib_shutdown_fp_trap_1              0x080001af   Thumb Code     0  libshutdown2.o(.ARM.Collect$$libshutdown$$00000006)
    __rt_lib_shutdown_heap_1                 0x080001af   Thumb Code     0  libshutdown2.o(.ARM.Collect$$libshutdown$$0000000E)
    __rt_lib_shutdown_return                 0x080001af   Thumb Code     0  libshutdown2.o(.ARM.Collect$$libshutdown$$0000000F)
    __rt_lib_shutdown_signal_1               0x080001af   Thumb Code     0  libshutdown2.o(.ARM.Collect$$libshutdown$$00000009)
    __rt_lib_shutdown_stdio_1                0x080001af   Thumb Code     0  libshutdown2.o(.ARM.Collect$$libshutdown$$00000003)
    __rt_lib_shutdown_user_alloc_1           0x080001af   Thumb Code     0  libshutdown2.o(.ARM.Collect$$libshutdown$$0000000B)
    __rt_entry                               0x080001b1   Thumb Code     0  rtentry.o(.ARM.Collect$$rtentry$$00000000)
    __rt_entry_presh_1                       0x080001b1   Thumb Code     0  rtentry2.o(.ARM.Collect$$rtentry$$00000002)
    __rt_entry_sh                            0x080001b1   Thumb Code     0  rtentry4.o(.ARM.Collect$$rtentry$$00000004)
    __rt_entry_li                            0x080001b7   Thumb Code     0  rtentry2.o(.ARM.Collect$$rtentry$$0000000A)
    __rt_entry_postsh_1                      0x080001b7   Thumb Code     0  rtentry2.o(.ARM.Collect$$rtentry$$00000009)
    __rt_entry_main                          0x080001bb   Thumb Code     0  rtentry2.o(.ARM.Collect$$rtentry$$0000000D)
    __rt_entry_postli_1                      0x080001bb   Thumb Code     0  rtentry2.o(.ARM.Collect$$rtentry$$0000000C)
    __rt_exit                                0x080001c3   Thumb Code     0  rtexit.o(.ARM.Collect$$rtexit$$00000000)
    __rt_exit_ls                             0x080001c5   Thumb Code     0  rtexit2.o(.ARM.Collect$$rtexit$$00000003)
    __rt_exit_prels_1                        0x080001c5   Thumb Code     0  rtexit2.o(.ARM.Collect$$rtexit$$00000002)
    __rt_exit_exit                           0x080001c9   Thumb Code     0  rtexit2.o(.ARM.Collect$$rtexit$$00000004)
    SystemInit_ExtMemCtl                     0x080001d1   Thumb Code     2  startup_stm32f10x_hd.o(.text)
    Reset_Handler                            0x080001d3   Thumb Code    14  startup_stm32f10x_hd.o(.text)
    ADC1_2_IRQHandler                        0x080001f3   Thumb Code     0  startup_stm32f10x_hd.o(.text)
    ADC3_IRQHandler                          0x080001f3   Thumb Code     0  startup_stm32f10x_hd.o(.text)
    CAN1_RX1_IRQHandler                      0x080001f3   Thumb Code     0  startup_stm32f10x_hd.o(.text)
    CAN1_SCE_IRQHandler                      0x080001f3   Thumb Code     0  startup_stm32f10x_hd.o(.text)
    DMA1_Channel1_IRQHandler                 0x080001f3   Thumb Code     0  startup_stm32f10x_hd.o(.text)
    DMA1_Channel2_IRQHandler                 0x080001f3   Thumb Code     0  startup_stm32f10x_hd.o(.text)
    DMA1_Channel3_IRQHandler                 0x080001f3   Thumb Code     0  startup_stm32f10x_hd.o(.text)
    DMA1_Channel4_IRQHandler                 0x080001f3   Thumb Code     0  startup_stm32f10x_hd.o(.text)
    DMA1_Channel5_IRQHandler                 0x080001f3   Thumb Code     0  startup_stm32f10x_hd.o(.text)
    DMA1_Channel6_IRQHandler                 0x080001f3   Thumb Code     0  startup_stm32f10x_hd.o(.text)
    DMA1_Channel7_IRQHandler                 0x080001f3   Thumb Code     0  startup_stm32f10x_hd.o(.text)
    DMA2_Channel1_IRQHandler                 0x080001f3   Thumb Code     0  startup_stm32f10x_hd.o(.text)
    DMA2_Channel2_IRQHandler                 0x080001f3   Thumb Code     0  startup_stm32f10x_hd.o(.text)
    DMA2_Channel3_IRQHandler                 0x080001f3   Thumb Code     0  startup_stm32f10x_hd.o(.text)
    EXTI0_IRQHandler                         0x080001f3   Thumb Code     0  startup_stm32f10x_hd.o(.text)
    EXTI15_10_IRQHandler                     0x080001f3   Thumb Code     0  startup_stm32f10x_hd.o(.text)
    EXTI1_IRQHandler                         0x080001f3   Thumb Code     0  startup_stm32f10x_hd.o(.text)
    EXTI2_IRQHandler                         0x080001f3   Thumb Code     0  startup_stm32f10x_hd.o(.text)
    EXTI3_IRQHandler                         0x080001f3   Thumb Code     0  startup_stm32f10x_hd.o(.text)
    EXTI4_IRQHandler                         0x080001f3   Thumb Code     0  startup_stm32f10x_hd.o(.text)
    EXTI9_5_IRQHandler                       0x080001f3   Thumb Code     0  startup_stm32f10x_hd.o(.text)
    FLASH_IRQHandler                         0x080001f3   Thumb Code     0  startup_stm32f10x_hd.o(.text)
    FSMC_IRQHandler                          0x080001f3   Thumb Code     0  startup_stm32f10x_hd.o(.text)
    I2C1_ER_IRQHandler                       0x080001f3   Thumb Code     0  startup_stm32f10x_hd.o(.text)
    I2C1_EV_IRQHandler                       0x080001f3   Thumb Code     0  startup_stm32f10x_hd.o(.text)
    I2C2_ER_IRQHandler                       0x080001f3   Thumb Code     0  startup_stm32f10x_hd.o(.text)
    I2C2_EV_IRQHandler                       0x080001f3   Thumb Code     0  startup_stm32f10x_hd.o(.text)
    PVD_IRQHandler                           0x080001f3   Thumb Code     0  startup_stm32f10x_hd.o(.text)
    RCC_IRQHandler                           0x080001f3   Thumb Code     0  startup_stm32f10x_hd.o(.text)
    SPI1_IRQHandler                          0x080001f3   Thumb Code     0  startup_stm32f10x_hd.o(.text)
    SPI2_IRQHandler                          0x080001f3   Thumb Code     0  startup_stm32f10x_hd.o(.text)
    SPI3_IRQHandler                          0x080001f3   Thumb Code     0  startup_stm32f10x_hd.o(.text)
    TAMPER_IRQHandler                        0x080001f3   Thumb Code     0  startup_stm32f10x_hd.o(.text)
    TIM1_BRK_IRQHandler                      0x080001f3   Thumb Code     0  startup_stm32f10x_hd.o(.text)
    TIM1_CC_IRQHandler                       0x080001f3   Thumb Code     0  startup_stm32f10x_hd.o(.text)
    TIM1_TRG_COM_IRQHandler                  0x080001f3   Thumb Code     0  startup_stm32f10x_hd.o(.text)
    TIM1_UP_IRQHandler                       0x080001f3   Thumb Code     0  startup_stm32f10x_hd.o(.text)
    TIM3_IRQHandler                          0x080001f3   Thumb Code     0  startup_stm32f10x_hd.o(.text)
    TIM4_IRQHandler                          0x080001f3   Thumb Code     0  startup_stm32f10x_hd.o(.text)
    TIM5_IRQHandler                          0x080001f3   Thumb Code     0  startup_stm32f10x_hd.o(.text)
    TIM6_IRQHandler                          0x080001f3   Thumb Code     0  startup_stm32f10x_hd.o(.text)
    TIM7_IRQHandler                          0x080001f3   Thumb Code     0  startup_stm32f10x_hd.o(.text)
    TIM8_BRK_IRQHandler                      0x080001f3   Thumb Code     0  startup_stm32f10x_hd.o(.text)
    TIM8_CC_IRQHandler                       0x080001f3   Thumb Code     0  startup_stm32f10x_hd.o(.text)
    TIM8_TRG_COM_IRQHandler                  0x080001f3   Thumb Code     0  startup_stm32f10x_hd.o(.text)
    TIM8_UP_IRQHandler                       0x080001f3   Thumb Code     0  startup_stm32f10x_hd.o(.text)
    USBWakeUp_IRQHandler                     0x080001f3   Thumb Code     0  startup_stm32f10x_hd.o(.text)
    USB_HP_CAN1_TX_IRQHandler                0x080001f3   Thumb Code     0  startup_stm32f10x_hd.o(.text)
    USB_LP_CAN1_RX0_IRQHandler               0x080001f3   Thumb Code     0  startup_stm32f10x_hd.o(.text)
    WWDG_IRQHandler                          0x080001f3   Thumb Code     0  startup_stm32f10x_hd.o(.text)
    __user_initial_stackheap                 0x080001f5   Thumb Code     0  startup_stm32f10x_hd.o(.text)
    main                                     0x08000219   Thumb Code   120  main.o(.text)
    NMI_Handler                              0x08000305   Thumb Code     2  stm32f10x_it.o(.text)
    HardFault_Handler                        0x08000307   Thumb Code     4  stm32f10x_it.o(.text)
    MemManage_Handler                        0x0800030b   Thumb Code     4  stm32f10x_it.o(.text)
    BusFault_Handler                         0x0800030f   Thumb Code     4  stm32f10x_it.o(.text)
    UsageFault_Handler                       0x08000313   Thumb Code     4  stm32f10x_it.o(.text)
    SVC_Handler                              0x08000317   Thumb Code     2  stm32f10x_it.o(.text)
    DebugMon_Handler                         0x08000319   Thumb Code     2  stm32f10x_it.o(.text)
    PendSV_Handler                           0x0800031b   Thumb Code     2  stm32f10x_it.o(.text)
    SysTick_Handler                          0x0800031d   Thumb Code     2  stm32f10x_it.o(.text)
    fputc                                    0x08000321   Thumb Code    30  debug_uart.o(.text)
    TM_TIMER_PROPERTIES_GetTimerProperties   0x08000345   Thumb Code    96  tm_stm32f4_timer_properties.o(.text)
    TM_TIMER_PROPERTIES_GenerateDataForWorkingFrequency 0x080003a5   Thumb Code   240  tm_stm32f4_timer_properties.o(.text)
    TM_TIMER_PROPERTIES_EnableClock          0x08000495   Thumb Code   134  tm_stm32f4_timer_properties.o(.text)
    TM_TIMER_PROPERTIES_DisableClock         0x0800051b   Thumb Code   134  tm_stm32f4_timer_properties.o(.text)
    TIM2_IRQHandler                          0x080005bd   Thumb Code    42  tm_stm32f4_delay.o(.text)
    TM_DELAY_INT_InitTIM                     0x080005e7   Thumb Code   188  tm_stm32f4_delay.o(.text)
    TM_DELAY_Init                            0x080006a3   Thumb Code    42  tm_stm32f4_delay.o(.text)
    TM_DELAY_EnableDelayTimer                0x080006cd   Thumb Code    22  tm_stm32f4_delay.o(.text)
    TM_DELAY_DisableDelayTimer               0x080006e3   Thumb Code    14  tm_stm32f4_delay.o(.text)
    mktimev                                  0x08000709   Thumb Code   120  tm_stm32f4_rtc.o(.text)
    GregorianDay                             0x08000781   Thumb Code   146  tm_stm32f4_rtc.o(.text)
    TM_RTC_SetDateTime                       0x08000813   Thumb Code    50  tm_stm32f4_rtc.o(.text)
    TM_RTC_Config                            0x08000845   Thumb Code    86  tm_stm32f4_rtc.o(.text)
    to_tm                                    0x0800089b   Thumb Code   194  tm_stm32f4_rtc.o(.text)
    TM_RTC_GetDateTime                       0x0800095d   Thumb Code    20  tm_stm32f4_rtc.o(.text)
    TM_RTC_Init                              0x08000971   Thumb Code   192  tm_stm32f4_rtc.o(.text)
    TM_RTC_SetDateTimeString                 0x08000a31   Thumb Code   292  tm_stm32f4_rtc.o(.text)
    TM_RTC_GetDaysInMonth                    0x08000b55   Thumb Code    86  tm_stm32f4_rtc.o(.text)
    TM_RTC_GetDaysInYear                     0x08000bab   Thumb Code    70  tm_stm32f4_rtc.o(.text)
    TM_RTC_Interrupts                        0x08000bf1   Thumb Code   210  tm_stm32f4_rtc.o(.text)
    TM_RTC_DisableAlarm                      0x08000cc3   Thumb Code   116  tm_stm32f4_rtc.o(.text)
    TM_RTC_SetAlarm                          0x08000d37   Thumb Code    96  tm_stm32f4_rtc.o(.text)
    RTC_IRQHandler                           0x08000d97   Thumb Code    30  tm_stm32f4_rtc.o(.text)
    RTCAlarm_IRQHandler                      0x08000db5   Thumb Code    30  tm_stm32f4_rtc.o(.text)
    TM_GPIO_INT_EnableClock                  0x08000df1   Thumb Code   116  tm_stm32f4_gpio.o(.text)
    TM_GPIO_Init                             0x08000e65   Thumb Code    44  tm_stm32f4_gpio.o(.text)
    TM_GPIO_INT_DisableClock                 0x08000e91   Thumb Code   116  tm_stm32f4_gpio.o(.text)
    TM_USART_INT_GetSubPriority              0x08000f25   Thumb Code    44  tm_stm32f4_usart.o(.text)
    TM_UART5_InitPins                        0x08000f51   Thumb Code     2  tm_stm32f4_usart.o(.text)
    TM_UART4_InitPins                        0x08000f53   Thumb Code     2  tm_stm32f4_usart.o(.text)
    TM_USART3_InitPins                       0x08000f55   Thumb Code     2  tm_stm32f4_usart.o(.text)
    TM_USART2_InitPins                       0x08000f57   Thumb Code    46  tm_stm32f4_usart.o(.text)
    TM_USART1_InitPins                       0x08000f85   Thumb Code    60  tm_stm32f4_usart.o(.text)
    TM_USART_INT_GetUsart                    0x08000fc1   Thumb Code    44  tm_stm32f4_usart.o(.text)
    TM_USART_Init                            0x08000fed   Thumb Code   318  tm_stm32f4_usart.o(.text)
    TM_USART_Getc                            0x0800112b   Thumb Code    56  tm_stm32f4_usart.o(.text)
    TM_USART_BufferFull                      0x08001163   Thumb Code    30  tm_stm32f4_usart.o(.text)
    TM_USART_FindCharacter                   0x08001181   Thumb Code    56  tm_stm32f4_usart.o(.text)
    TM_USART_BufferEmpty                     0x080011b9   Thumb Code    26  tm_stm32f4_usart.o(.text)
    TM_USART_Gets                            0x080011d3   Thumb Code    82  tm_stm32f4_usart.o(.text)
    TM_USART_ClearBuffer                     0x08001225   Thumb Code    22  tm_stm32f4_usart.o(.text)
    TM_USART_Putc                            0x0800123b   Thumb Code    36  tm_stm32f4_usart.o(.text)
    TM_USART_Puts                            0x0800125f   Thumb Code    42  tm_stm32f4_usart.o(.text)
    TM_USART_INT_InsertToBuffer              0x08001289   Thumb Code    40  tm_stm32f4_usart.o(.text)
    USART1_IRQHandler                        0x080012b1   Thumb Code    28  tm_stm32f4_usart.o(.text)
    USART2_IRQHandler                        0x080012cd   Thumb Code    28  tm_stm32f4_usart.o(.text)
    USART3_IRQHandler                        0x080012e9   Thumb Code     2  tm_stm32f4_usart.o(.text)
    UART4_IRQHandler                         0x080012eb   Thumb Code     2  tm_stm32f4_usart.o(.text)
    UART5_IRQHandler                         0x080012ed   Thumb Code     2  tm_stm32f4_usart.o(.text)
    TM_FATFS_DriveSize                       0x0800132d   Thumb Code    56  tm_stm32f4_fatfs.o(.text)
    TM_FATFS_USBDriveSize                    0x08001365   Thumb Code    56  tm_stm32f4_fatfs.o(.text)
    TM_FATFS_TruncateBeginning               0x0800139d   Thumb Code   210  tm_stm32f4_fatfs.o(.text)
    disk_initialize                          0x08001479   Thumb Code    34  diskio.o(.text)
    disk_status                              0x0800149b   Thumb Code    34  diskio.o(.text)
    disk_read                                0x080014bd   Thumb Code    54  diskio.o(.text)
    disk_write                               0x080014f3   Thumb Code    60  diskio.o(.text)
    disk_ioctl                               0x0800152f   Thumb Code    46  diskio.o(.text)
    get_fattime                              0x0800155d   Thumb Code     4  diskio.o(.text)
    clust2sect                               0x0800171b   Thumb Code    26  ff.o(.text)
    get_fat                                  0x08001735   Thumb Code   242  ff.o(.text)
    put_fat                                  0x08001827   Thumb Code   322  ff.o(.text)
    f_mount                                  0x08002c6b   Thumb Code    86  ff.o(.text)
    f_open                                   0x08002cc1   Thumb Code   350  ff.o(.text)
    f_read                                   0x08002e1f   Thumb Code   414  ff.o(.text)
    f_write                                  0x08002fbd   Thumb Code   482  ff.o(.text)
    f_sync                                   0x0800319f   Thumb Code   174  ff.o(.text)
    f_close                                  0x0800324d   Thumb Code    32  ff.o(.text)
    f_chdrive                                0x0800326d   Thumb Code    26  ff.o(.text)
    f_chdir                                  0x08003287   Thumb Code    88  ff.o(.text)
    f_getcwd                                 0x080032df   Thumb Code   308  ff.o(.text)
    f_lseek                                  0x08003413   Thumb Code   380  ff.o(.text)
    f_opendir                                0x0800358f   Thumb Code   114  ff.o(.text)
    f_closedir                               0x08003601   Thumb Code    22  ff.o(.text)
    f_readdir                                0x08003617   Thumb Code   102  ff.o(.text)
    f_findnext                               0x0800367d   Thumb Code    74  ff.o(.text)
    f_findfirst                              0x080036c7   Thumb Code    42  ff.o(.text)
    f_stat                                   0x080036f1   Thumb Code    64  ff.o(.text)
    f_getfree                                0x08003731   Thumb Code   260  ff.o(.text)
    f_truncate                               0x08003835   Thumb Code   186  ff.o(.text)
    f_unlink                                 0x080038ef   Thumb Code   194  ff.o(.text)
    f_mkdir                                  0x080039b1   Thumb Code   378  ff.o(.text)
    f_chmod                                  0x08003b2b   Thumb Code   104  ff.o(.text)
    f_rename                                 0x08003b93   Thumb Code   272  ff.o(.text)
    f_utime                                  0x08003ca3   Thumb Code   102  ff.o(.text)
    f_getlabel                               0x08003d09   Thumb Code   190  ff.o(.text)
    f_setlabel                               0x08003dc7   Thumb Code   418  ff.o(.text)
    f_gets                                   0x08003f69   Thumb Code    86  ff.o(.text)
    f_putc                                   0x0800400d   Thumb Code    64  ff.o(.text)
    f_puts                                   0x0800404d   Thumb Code    74  ff.o(.text)
    f_printf                                 0x08004097   Thumb Code   622  ff.o(.text)
    ff_convert                               0x08004305   Thumb Code    70  unicode.o(.text)
    ff_wtoupper                              0x0800434b   Thumb Code    48  unicode.o(.text)
    TM_FATFS_SDIO_WriteEnabled               0x08004389   Thumb Code     4  fatfs_sd_sdio.o(.text)
    SD_EnableWideBusOperation                0x08004743   Thumb Code   164  fatfs_sd_sdio.o(.text)
    SD_SelectDeselect                        0x080047e7   Thumb Code    58  fatfs_sd_sdio.o(.text)
    SD_GetCardInfo                           0x08004821   Thumb Code   840  fatfs_sd_sdio.o(.text)
    SD_InitializeCards                       0x08004c61   Thumb Code   294  fatfs_sd_sdio.o(.text)
    SD_PowerON                               0x08004e2d   Thumb Code   376  fatfs_sd_sdio.o(.text)
    SD_Init                                  0x08004fa5   Thumb Code   132  fatfs_sd_sdio.o(.text)
    SD_LowLevel_Init                         0x08005029   Thumb Code    92  fatfs_sd_sdio.o(.text)
    SD_LowLevel_DeInit                       0x08005085   Thumb Code    90  fatfs_sd_sdio.o(.text)
    TM_FATFS_SD_SDIO_disk_initialize         0x080050df   Thumb Code   134  fatfs_sd_sdio.o(.text)
    SD_Detect                                0x08005165   Thumb Code     4  fatfs_sd_sdio.o(.text)
    TM_FATFS_SD_SDIO_disk_status             0x08005169   Thumb Code    52  fatfs_sd_sdio.o(.text)
    SD_SendStatus                            0x0800519d   Thumb Code    74  fatfs_sd_sdio.o(.text)
    SD_GetState                              0x080051e7   Thumb Code    38  fatfs_sd_sdio.o(.text)
    SD_GetStatus                             0x0800520d   Thumb Code    30  fatfs_sd_sdio.o(.text)
    SD_StopTransfer                          0x0800522b   Thumb Code    46  fatfs_sd_sdio.o(.text)
    SD_WaitReadOperation                     0x08005259   Thumb Code   108  fatfs_sd_sdio.o(.text)
    SD_LowLevel_DMA_RxConfig                 0x080052c5   Thumb Code   104  fatfs_sd_sdio.o(.text)
    SD_ReadMultiBlocks                       0x0800532d   Thumb Code   294  fatfs_sd_sdio.o(.text)
    SD_ReadBlock                             0x08005453   Thumb Code   214  fatfs_sd_sdio.o(.text)
    TM_FATFS_SD_SDIO_disk_read               0x08005529   Thumb Code    94  fatfs_sd_sdio.o(.text)
    SD_WaitWriteOperation                    0x08005587   Thumb Code   108  fatfs_sd_sdio.o(.text)
    SD_LowLevel_DMA_TxConfig                 0x080055f3   Thumb Code   104  fatfs_sd_sdio.o(.text)
    SD_WriteMultiBlocks                      0x0800565b   Thumb Code   370  fatfs_sd_sdio.o(.text)
    SD_WriteBlock                            0x080057cd   Thumb Code   312  fatfs_sd_sdio.o(.text)
    TM_FATFS_SD_SDIO_disk_write              0x08005905   Thumb Code    90  fatfs_sd_sdio.o(.text)
    TM_FATFS_SD_SDIO_disk_ioctl              0x0800595f   Thumb Code    42  fatfs_sd_sdio.o(.text)
    SD_ProcessIRQSrc                         0x08005989   Thumb Code   162  fatfs_sd_sdio.o(.text)
    SDIO_IRQHandler                          0x08005a2b   Thumb Code     8  fatfs_sd_sdio.o(.text)
    SD_ProcessDMAIRQ                         0x08005a33   Thumb Code    24  fatfs_sd_sdio.o(.text)
    DMA2_Channel4_5_IRQHandler               0x08005a4b   Thumb Code     8  fatfs_sd_sdio.o(.text)
    SD_DeInit                                0x08005a53   Thumb Code     8  fatfs_sd_sdio.o(.text)
    SD_PowerOFF                              0x08005a5b   Thumb Code    14  fatfs_sd_sdio.o(.text)
    SD_SendSDStatus                          0x08005a69   Thumb Code   366  fatfs_sd_sdio.o(.text)
    SD_GetCardStatus                         0x08005bd7   Thumb Code   200  fatfs_sd_sdio.o(.text)
    SD_GetTransferState                      0x08005c9f   Thumb Code    18  fatfs_sd_sdio.o(.text)
    SD_Erase                                 0x08005e07   Thumb Code   362  fatfs_sd_sdio.o(.text)
    convert_from_bytes_to_power_of_two       0x08005f71   Thumb Code    18  fatfs_sd_sdio.o(.text)
    SD_HighSpeed                             0x08005f83   Thumb Code   454  fatfs_sd_sdio.o(.text)
    GPIO_DeInit                              0x08006149   Thumb Code   188  stm32f10x_gpio.o(.text)
    GPIO_AFIODeInit                          0x08006205   Thumb Code    20  stm32f10x_gpio.o(.text)
    GPIO_Init                                0x08006219   Thumb Code   274  stm32f10x_gpio.o(.text)
    GPIO_StructInit                          0x0800632b   Thumb Code    16  stm32f10x_gpio.o(.text)
    GPIO_ReadInputDataBit                    0x0800633b   Thumb Code    18  stm32f10x_gpio.o(.text)
    GPIO_ReadInputData                       0x0800634d   Thumb Code     8  stm32f10x_gpio.o(.text)
    GPIO_ReadOutputDataBit                   0x08006355   Thumb Code    18  stm32f10x_gpio.o(.text)
    GPIO_ReadOutputData                      0x08006367   Thumb Code     8  stm32f10x_gpio.o(.text)
    GPIO_SetBits                             0x0800636f   Thumb Code     4  stm32f10x_gpio.o(.text)
    GPIO_ResetBits                           0x08006373   Thumb Code     4  stm32f10x_gpio.o(.text)
    GPIO_WriteBit                            0x08006377   Thumb Code    10  stm32f10x_gpio.o(.text)
    GPIO_Write                               0x08006381   Thumb Code     4  stm32f10x_gpio.o(.text)
    GPIO_PinLockConfig                       0x08006385   Thumb Code    18  stm32f10x_gpio.o(.text)
    GPIO_EventOutputConfig                   0x08006397   Thumb Code    26  stm32f10x_gpio.o(.text)
    GPIO_EventOutputCmd                      0x080063b1   Thumb Code     6  stm32f10x_gpio.o(.text)
    GPIO_PinRemapConfig                      0x080063b7   Thumb Code   106  stm32f10x_gpio.o(.text)
    GPIO_EXTILineConfig                      0x08006421   Thumb Code    66  stm32f10x_gpio.o(.text)
    RCC_DeInit                               0x08006475   Thumb Code    62  stm32f10x_rcc.o(.text)
    RCC_HSEConfig                            0x080064b3   Thumb Code    70  stm32f10x_rcc.o(.text)
    RCC_GetFlagStatus                        0x080064f9   Thumb Code    56  stm32f10x_rcc.o(.text)
    RCC_WaitForHSEStartUp                    0x08006531   Thumb Code    46  stm32f10x_rcc.o(.text)
    RCC_AdjustHSICalibrationValue            0x0800655f   Thumb Code    20  stm32f10x_rcc.o(.text)
    RCC_HSICmd                               0x08006573   Thumb Code     6  stm32f10x_rcc.o(.text)
    RCC_PLLConfig                            0x08006579   Thumb Code    24  stm32f10x_rcc.o(.text)
    RCC_PLLCmd                               0x08006591   Thumb Code     6  stm32f10x_rcc.o(.text)
    RCC_SYSCLKConfig                         0x08006597   Thumb Code    18  stm32f10x_rcc.o(.text)
    RCC_GetSYSCLKSource                      0x080065a9   Thumb Code    10  stm32f10x_rcc.o(.text)
    RCC_HCLKConfig                           0x080065b3   Thumb Code    18  stm32f10x_rcc.o(.text)
    RCC_PCLK1Config                          0x080065c5   Thumb Code    18  stm32f10x_rcc.o(.text)
    RCC_PCLK2Config                          0x080065d7   Thumb Code    20  stm32f10x_rcc.o(.text)
    RCC_ITConfig                             0x080065eb   Thumb Code    30  stm32f10x_rcc.o(.text)
    RCC_USBCLKConfig                         0x08006609   Thumb Code     6  stm32f10x_rcc.o(.text)
    RCC_ADCCLKConfig                         0x0800660f   Thumb Code    18  stm32f10x_rcc.o(.text)
    RCC_LSEConfig                            0x08006621   Thumb Code    44  stm32f10x_rcc.o(.text)
    RCC_LSICmd                               0x0800664d   Thumb Code     6  stm32f10x_rcc.o(.text)
    RCC_RTCCLKConfig                         0x08006653   Thumb Code    12  stm32f10x_rcc.o(.text)
    RCC_RTCCLKCmd                            0x0800665f   Thumb Code     6  stm32f10x_rcc.o(.text)
    RCC_GetClocksFreq                        0x08006665   Thumb Code   192  stm32f10x_rcc.o(.text)
    RCC_AHBPeriphClockCmd                    0x08006725   Thumb Code    26  stm32f10x_rcc.o(.text)
    RCC_APB2PeriphClockCmd                   0x0800673f   Thumb Code    26  stm32f10x_rcc.o(.text)
    RCC_APB1PeriphClockCmd                   0x08006759   Thumb Code    26  stm32f10x_rcc.o(.text)
    RCC_APB2PeriphResetCmd                   0x08006773   Thumb Code    26  stm32f10x_rcc.o(.text)
    RCC_APB1PeriphResetCmd                   0x0800678d   Thumb Code    26  stm32f10x_rcc.o(.text)
    RCC_BackupResetCmd                       0x080067a7   Thumb Code     6  stm32f10x_rcc.o(.text)
    RCC_ClockSecuritySystemCmd               0x080067ad   Thumb Code     6  stm32f10x_rcc.o(.text)
    RCC_MCOConfig                            0x080067b3   Thumb Code     6  stm32f10x_rcc.o(.text)
    RCC_ClearFlag                            0x080067b9   Thumb Code    14  stm32f10x_rcc.o(.text)
    RCC_GetITStatus                          0x080067c7   Thumb Code    20  stm32f10x_rcc.o(.text)
    RCC_ClearITPendingBit                    0x080067db   Thumb Code     6  stm32f10x_rcc.o(.text)
    DMA_DeInit                               0x08006815   Thumb Code   316  stm32f10x_dma.o(.text)
    DMA_Init                                 0x08006951   Thumb Code    60  stm32f10x_dma.o(.text)
    DMA_StructInit                           0x0800698d   Thumb Code    26  stm32f10x_dma.o(.text)
    DMA_Cmd                                  0x080069a7   Thumb Code    22  stm32f10x_dma.o(.text)
    DMA_ITConfig                             0x080069bd   Thumb Code    18  stm32f10x_dma.o(.text)
    DMA_GetCurrDataCounter                   0x080069cf   Thumb Code     8  stm32f10x_dma.o(.text)
    DMA_GetFlagStatus                        0x080069d7   Thumb Code    34  stm32f10x_dma.o(.text)
    DMA_ClearFlag                            0x080069f9   Thumb Code    18  stm32f10x_dma.o(.text)
    DMA_GetITStatus                          0x08006a0b   Thumb Code    34  stm32f10x_dma.o(.text)
    DMA_ClearITPendingBit                    0x08006a2d   Thumb Code    18  stm32f10x_dma.o(.text)
    NVIC_PriorityGroupConfig                 0x08006a59   Thumb Code    10  misc.o(.text)
    NVIC_Init                                0x08006a63   Thumb Code   118  misc.o(.text)
    NVIC_SetVectorTable                      0x08006ad9   Thumb Code    12  misc.o(.text)
    NVIC_SystemLPConfig                      0x08006ae5   Thumb Code    38  misc.o(.text)
    SysTick_CLKSourceConfig                  0x08006b0b   Thumb Code    40  misc.o(.text)
    TIM_DeInit                               0x08006b51   Thumb Code   214  stm32f10x_tim.o(.text)
    TIM_TimeBaseInit                         0x08006c27   Thumb Code    50  stm32f10x_tim.o(.text)
    TIM_OC1Init                              0x08006c59   Thumb Code   110  stm32f10x_tim.o(.text)
    TIM_OC2Init                              0x08006cc7   Thumb Code   140  stm32f10x_tim.o(.text)
    TIM_OC3Init                              0x08006d53   Thumb Code   136  stm32f10x_tim.o(.text)
    TIM_OC4Init                              0x08006ddb   Thumb Code    98  stm32f10x_tim.o(.text)
    TIM_SetIC4Prescaler                      0x08006e3d   Thumb Code    22  stm32f10x_tim.o(.text)
    TIM_SetIC3Prescaler                      0x08006e99   Thumb Code    18  stm32f10x_tim.o(.text)
    TIM_SetIC2Prescaler                      0x08006eeb   Thumb Code    22  stm32f10x_tim.o(.text)
    TIM_SetIC1Prescaler                      0x08006f55   Thumb Code    18  stm32f10x_tim.o(.text)
    TIM_ICInit                               0x08006f9d   Thumb Code   110  stm32f10x_tim.o(.text)
    TIM_PWMIConfig                           0x0800700b   Thumb Code   124  stm32f10x_tim.o(.text)
    TIM_BDTRConfig                           0x08007087   Thumb Code    32  stm32f10x_tim.o(.text)
    TIM_TimeBaseStructInit                   0x080070a7   Thumb Code    18  stm32f10x_tim.o(.text)
    TIM_OCStructInit                         0x080070b9   Thumb Code    20  stm32f10x_tim.o(.text)
    TIM_ICStructInit                         0x080070cd   Thumb Code    18  stm32f10x_tim.o(.text)
    TIM_BDTRStructInit                       0x080070df   Thumb Code    18  stm32f10x_tim.o(.text)
    TIM_Cmd                                  0x080070f1   Thumb Code    24  stm32f10x_tim.o(.text)
    TIM_CtrlPWMOutputs                       0x08007109   Thumb Code    30  stm32f10x_tim.o(.text)
    TIM_ITConfig                             0x08007127   Thumb Code    24  stm32f10x_tim.o(.text)
    TIM_GenerateEvent                        0x0800713f   Thumb Code     4  stm32f10x_tim.o(.text)
    TIM_DMAConfig                            0x08007143   Thumb Code    10  stm32f10x_tim.o(.text)
    TIM_DMACmd                               0x0800714d   Thumb Code    24  stm32f10x_tim.o(.text)
    TIM_InternalClockConfig                  0x08007165   Thumb Code    12  stm32f10x_tim.o(.text)
    TIM_SelectInputTrigger                   0x08007171   Thumb Code    18  stm32f10x_tim.o(.text)
    TIM_ITRxExternalClockConfig              0x08007183   Thumb Code    24  stm32f10x_tim.o(.text)
    TIM_TIxExternalClockConfig               0x0800719b   Thumb Code    62  stm32f10x_tim.o(.text)
    TIM_ETRConfig                            0x080071d9   Thumb Code    26  stm32f10x_tim.o(.text)
    TIM_ETRClockMode1Config                  0x080071f3   Thumb Code    54  stm32f10x_tim.o(.text)
    TIM_ETRClockMode2Config                  0x08007229   Thumb Code    32  stm32f10x_tim.o(.text)
    TIM_PrescalerConfig                      0x08007249   Thumb Code     6  stm32f10x_tim.o(.text)
    TIM_CounterModeConfig                    0x0800724f   Thumb Code    18  stm32f10x_tim.o(.text)
    TIM_EncoderInterfaceConfig               0x08007261   Thumb Code    62  stm32f10x_tim.o(.text)
    TIM_ForcedOC1Config                      0x0800729f   Thumb Code    18  stm32f10x_tim.o(.text)
    TIM_ForcedOC2Config                      0x080072b1   Thumb Code    22  stm32f10x_tim.o(.text)
    TIM_ForcedOC3Config                      0x080072c7   Thumb Code    18  stm32f10x_tim.o(.text)
    TIM_ForcedOC4Config                      0x080072d9   Thumb Code    22  stm32f10x_tim.o(.text)
    TIM_ARRPreloadConfig                     0x080072ef   Thumb Code    24  stm32f10x_tim.o(.text)
    TIM_SelectCOM                            0x08007307   Thumb Code    24  stm32f10x_tim.o(.text)
    TIM_SelectCCDMA                          0x0800731f   Thumb Code    24  stm32f10x_tim.o(.text)
    TIM_CCPreloadControl                     0x08007337   Thumb Code    24  stm32f10x_tim.o(.text)
    TIM_OC1PreloadConfig                     0x0800734f   Thumb Code    18  stm32f10x_tim.o(.text)
    TIM_OC2PreloadConfig                     0x08007361   Thumb Code    22  stm32f10x_tim.o(.text)
    TIM_OC3PreloadConfig                     0x08007377   Thumb Code    18  stm32f10x_tim.o(.text)
    TIM_OC4PreloadConfig                     0x08007389   Thumb Code    22  stm32f10x_tim.o(.text)
    TIM_OC1FastConfig                        0x0800739f   Thumb Code    18  stm32f10x_tim.o(.text)
    TIM_OC2FastConfig                        0x080073b1   Thumb Code    22  stm32f10x_tim.o(.text)
    TIM_OC3FastConfig                        0x080073c7   Thumb Code    18  stm32f10x_tim.o(.text)
    TIM_OC4FastConfig                        0x080073d9   Thumb Code    22  stm32f10x_tim.o(.text)
    TIM_ClearOC1Ref                          0x080073ef   Thumb Code    18  stm32f10x_tim.o(.text)
    TIM_ClearOC2Ref                          0x08007401   Thumb Code    20  stm32f10x_tim.o(.text)
    TIM_ClearOC3Ref                          0x08007415   Thumb Code    18  stm32f10x_tim.o(.text)
    TIM_ClearOC4Ref                          0x08007427   Thumb Code    20  stm32f10x_tim.o(.text)
    TIM_OC1PolarityConfig                    0x0800743b   Thumb Code    18  stm32f10x_tim.o(.text)
    TIM_OC1NPolarityConfig                   0x0800744d   Thumb Code    18  stm32f10x_tim.o(.text)
    TIM_OC2PolarityConfig                    0x0800745f   Thumb Code    22  stm32f10x_tim.o(.text)
    TIM_OC2NPolarityConfig                   0x08007475   Thumb Code    22  stm32f10x_tim.o(.text)
    TIM_OC3PolarityConfig                    0x0800748b   Thumb Code    22  stm32f10x_tim.o(.text)
    TIM_OC3NPolarityConfig                   0x080074a1   Thumb Code    22  stm32f10x_tim.o(.text)
    TIM_OC4PolarityConfig                    0x080074b7   Thumb Code    22  stm32f10x_tim.o(.text)
    TIM_CCxCmd                               0x080074cd   Thumb Code    30  stm32f10x_tim.o(.text)
    TIM_CCxNCmd                              0x080074eb   Thumb Code    30  stm32f10x_tim.o(.text)
    TIM_SelectOCxM                           0x08007509   Thumb Code   142  stm32f10x_tim.o(.text)
    TIM_UpdateDisableConfig                  0x08007597   Thumb Code    24  stm32f10x_tim.o(.text)
    TIM_UpdateRequestConfig                  0x080075af   Thumb Code    24  stm32f10x_tim.o(.text)
    TIM_SelectHallSensor                     0x080075c7   Thumb Code    24  stm32f10x_tim.o(.text)
    TIM_SelectOnePulseMode                   0x080075df   Thumb Code    18  stm32f10x_tim.o(.text)
    TIM_SelectOutputTrigger                  0x080075f1   Thumb Code    18  stm32f10x_tim.o(.text)
    TIM_SelectSlaveMode                      0x08007603   Thumb Code    18  stm32f10x_tim.o(.text)
    TIM_SelectMasterSlaveMode                0x08007615   Thumb Code    18  stm32f10x_tim.o(.text)
    TIM_SetCounter                           0x08007627   Thumb Code     4  stm32f10x_tim.o(.text)
    TIM_SetAutoreload                        0x0800762b   Thumb Code     4  stm32f10x_tim.o(.text)
    TIM_SetCompare1                          0x0800762f   Thumb Code     4  stm32f10x_tim.o(.text)
    TIM_SetCompare2                          0x08007633   Thumb Code     4  stm32f10x_tim.o(.text)
    TIM_SetCompare3                          0x08007637   Thumb Code     4  stm32f10x_tim.o(.text)
    TIM_SetCompare4                          0x0800763b   Thumb Code     6  stm32f10x_tim.o(.text)
    TIM_SetClockDivision                     0x08007641   Thumb Code    14  stm32f10x_tim.o(.text)
    TIM_GetCapture1                          0x0800764f   Thumb Code     6  stm32f10x_tim.o(.text)
    TIM_GetCapture2                          0x08007655   Thumb Code     6  stm32f10x_tim.o(.text)
    TIM_GetCapture3                          0x0800765b   Thumb Code     6  stm32f10x_tim.o(.text)
    TIM_GetCapture4                          0x08007661   Thumb Code     8  stm32f10x_tim.o(.text)
    TIM_GetCounter                           0x08007669   Thumb Code     6  stm32f10x_tim.o(.text)
    TIM_GetPrescaler                         0x0800766f   Thumb Code     6  stm32f10x_tim.o(.text)
    TIM_GetFlagStatus                        0x08007675   Thumb Code    18  stm32f10x_tim.o(.text)
    TIM_ClearFlag                            0x08007687   Thumb Code     6  stm32f10x_tim.o(.text)
    TIM_GetITStatus                          0x0800768d   Thumb Code    34  stm32f10x_tim.o(.text)
    TIM_ClearITPendingBit                    0x080076af   Thumb Code     6  stm32f10x_tim.o(.text)
    RTC_ITConfig                             0x080076b5   Thumb Code    40  stm32f10x_rtc.o(.text)
    RTC_EnterConfigMode                      0x080076dd   Thumb Code    16  stm32f10x_rtc.o(.text)
    RTC_ExitConfigMode                       0x080076ed   Thumb Code    20  stm32f10x_rtc.o(.text)
    RTC_GetCounter                           0x08007701   Thumb Code    18  stm32f10x_rtc.o(.text)
    RTC_SetCounter                           0x08007713   Thumb Code    26  stm32f10x_rtc.o(.text)
    RTC_SetPrescaler                         0x0800772d   Thumb Code    28  stm32f10x_rtc.o(.text)
    RTC_SetAlarm                             0x08007749   Thumb Code    26  stm32f10x_rtc.o(.text)
    RTC_GetDivider                           0x08007763   Thumb Code    26  stm32f10x_rtc.o(.text)
    RTC_WaitForLastTask                      0x0800777d   Thumb Code    14  stm32f10x_rtc.o(.text)
    RTC_WaitForSynchro                       0x0800778b   Thumb Code    32  stm32f10x_rtc.o(.text)
    RTC_GetFlagStatus                        0x080077ab   Thumb Code    20  stm32f10x_rtc.o(.text)
    RTC_ClearFlag                            0x080077bf   Thumb Code    22  stm32f10x_rtc.o(.text)
    RTC_GetITStatus                          0x080077d5   Thumb Code    34  stm32f10x_rtc.o(.text)
    RTC_ClearITPendingBit                    0x080077f7   Thumb Code    22  stm32f10x_rtc.o(.text)
    BKP_DeInit                               0x0800782d   Thumb Code    16  stm32f10x_bkp.o(.text)
    BKP_TamperPinLevelConfig                 0x0800783d   Thumb Code     6  stm32f10x_bkp.o(.text)
    BKP_TamperPinCmd                         0x08007843   Thumb Code     6  stm32f10x_bkp.o(.text)
    BKP_ITConfig                             0x08007849   Thumb Code     6  stm32f10x_bkp.o(.text)
    BKP_RTCOutputConfig                      0x0800784f   Thumb Code    28  stm32f10x_bkp.o(.text)
    BKP_SetRTCCalibrationValue               0x0800786b   Thumb Code    28  stm32f10x_bkp.o(.text)
    BKP_WriteBackupRegister                  0x08007887   Thumb Code    10  stm32f10x_bkp.o(.text)
    BKP_ReadBackupRegister                   0x08007891   Thumb Code    12  stm32f10x_bkp.o(.text)
    BKP_GetFlagStatus                        0x0800789d   Thumb Code     8  stm32f10x_bkp.o(.text)
    BKP_ClearFlag                            0x080078a5   Thumb Code    16  stm32f10x_bkp.o(.text)
    BKP_GetITStatus                          0x080078b5   Thumb Code     8  stm32f10x_bkp.o(.text)
    BKP_ClearITPendingBit                    0x080078bd   Thumb Code    16  stm32f10x_bkp.o(.text)
    PWR_DeInit                               0x080078ed   Thumb Code    22  stm32f10x_pwr.o(.text)
    PWR_BackupAccessCmd                      0x08007903   Thumb Code     6  stm32f10x_pwr.o(.text)
    PWR_PVDCmd                               0x08007909   Thumb Code     6  stm32f10x_pwr.o(.text)
    PWR_PVDLevelConfig                       0x0800790f   Thumb Code    18  stm32f10x_pwr.o(.text)
    PWR_WakeUpPinCmd                         0x08007921   Thumb Code     6  stm32f10x_pwr.o(.text)
    PWR_EnterSTOPMode                        0x08007927   Thumb Code    46  stm32f10x_pwr.o(.text)
    PWR_EnterSTANDBYMode                     0x08007955   Thumb Code    46  stm32f10x_pwr.o(.text)
    PWR_GetFlagStatus                        0x08007983   Thumb Code    20  stm32f10x_pwr.o(.text)
    PWR_ClearFlag                            0x08007997   Thumb Code    14  stm32f10x_pwr.o(.text)
    EXTI_DeInit                              0x080079b5   Thumb Code    30  stm32f10x_exti.o(.text)
    EXTI_Init                                0x080079d3   Thumb Code   190  stm32f10x_exti.o(.text)
    EXTI_StructInit                          0x08007a91   Thumb Code    16  stm32f10x_exti.o(.text)
    EXTI_GenerateSWInterrupt                 0x08007aa1   Thumb Code    16  stm32f10x_exti.o(.text)
    EXTI_GetFlagStatus                       0x08007ab1   Thumb Code    20  stm32f10x_exti.o(.text)
    EXTI_ClearFlag                           0x08007ac5   Thumb Code     6  stm32f10x_exti.o(.text)
    EXTI_GetITStatus                         0x08007acb   Thumb Code    34  stm32f10x_exti.o(.text)
    EXTI_ClearITPendingBit                   0x08007aed   Thumb Code     6  stm32f10x_exti.o(.text)
    USART_DeInit                             0x08007b15   Thumb Code   146  stm32f10x_usart.o(.text)
    USART_Init                               0x08007ba7   Thumb Code   150  stm32f10x_usart.o(.text)
    USART_StructInit                         0x08007c3d   Thumb Code    24  stm32f10x_usart.o(.text)
    USART_ClockInit                          0x08007c55   Thumb Code    34  stm32f10x_usart.o(.text)
    USART_ClockStructInit                    0x08007c77   Thumb Code    12  stm32f10x_usart.o(.text)
    USART_Cmd                                0x08007c83   Thumb Code    24  stm32f10x_usart.o(.text)
    USART_ITConfig                           0x08007c9b   Thumb Code    64  stm32f10x_usart.o(.text)
    USART_DMACmd                             0x08007cdb   Thumb Code    24  stm32f10x_usart.o(.text)
    USART_SetAddress                         0x08007cf3   Thumb Code    18  stm32f10x_usart.o(.text)
    USART_WakeUpConfig                       0x08007d05   Thumb Code    18  stm32f10x_usart.o(.text)
    USART_ReceiverWakeUpCmd                  0x08007d17   Thumb Code    24  stm32f10x_usart.o(.text)
    USART_LINBreakDetectLengthConfig         0x08007d2f   Thumb Code    18  stm32f10x_usart.o(.text)
    USART_LINCmd                             0x08007d41   Thumb Code    24  stm32f10x_usart.o(.text)
    USART_SendData                           0x08007d59   Thumb Code     8  stm32f10x_usart.o(.text)
    USART_ReceiveData                        0x08007d61   Thumb Code    10  stm32f10x_usart.o(.text)
    USART_SendBreak                          0x08007d6b   Thumb Code    10  stm32f10x_usart.o(.text)
    USART_SetGuardTime                       0x08007d75   Thumb Code    16  stm32f10x_usart.o(.text)
    USART_SetPrescaler                       0x08007d85   Thumb Code    16  stm32f10x_usart.o(.text)
    USART_SmartCardCmd                       0x08007d95   Thumb Code    24  stm32f10x_usart.o(.text)
    USART_SmartCardNACKCmd                   0x08007dad   Thumb Code    24  stm32f10x_usart.o(.text)
    USART_HalfDuplexCmd                      0x08007dc5   Thumb Code    24  stm32f10x_usart.o(.text)
    USART_IrDAConfig                         0x08007ddd   Thumb Code    18  stm32f10x_usart.o(.text)
    USART_IrDACmd                            0x08007def   Thumb Code    24  stm32f10x_usart.o(.text)
    USART_GetFlagStatus                      0x08007e07   Thumb Code    18  stm32f10x_usart.o(.text)
    USART_ClearFlag                          0x08007e19   Thumb Code     6  stm32f10x_usart.o(.text)
    USART_GetITStatus                        0x08007e1f   Thumb Code    76  stm32f10x_usart.o(.text)
    USART_ClearITPendingBit                  0x08007e6b   Thumb Code    20  stm32f10x_usart.o(.text)
    SDIO_DeInit                              0x08007e8d   Thumb Code    28  stm32f10x_sdio.o(.text)
    SDIO_Init                                0x08007ea9   Thumb Code    42  stm32f10x_sdio.o(.text)
    SDIO_StructInit                          0x08007ed3   Thumb Code    16  stm32f10x_sdio.o(.text)
    SDIO_ClockCmd                            0x08007ee3   Thumb Code     6  stm32f10x_sdio.o(.text)
    SDIO_SetPowerState                       0x08007ee9   Thumb Code    22  stm32f10x_sdio.o(.text)
    SDIO_GetPowerState                       0x08007eff   Thumb Code    10  stm32f10x_sdio.o(.text)
    SDIO_ITConfig                            0x08007f09   Thumb Code    26  stm32f10x_sdio.o(.text)
    SDIO_DMACmd                              0x08007f23   Thumb Code     6  stm32f10x_sdio.o(.text)
    SDIO_SendCommand                         0x08007f29   Thumb Code    38  stm32f10x_sdio.o(.text)
    SDIO_CmdStructInit                       0x08007f4f   Thumb Code    14  stm32f10x_sdio.o(.text)
    SDIO_GetCommandResponse                  0x08007f5d   Thumb Code     8  stm32f10x_sdio.o(.text)
    SDIO_GetResponse                         0x08007f65   Thumb Code    10  stm32f10x_sdio.o(.text)
    SDIO_DataConfig                          0x08007f6f   Thumb Code    42  stm32f10x_sdio.o(.text)
    SDIO_DataStructInit                      0x08007f99   Thumb Code    20  stm32f10x_sdio.o(.text)
    SDIO_GetDataCounter                      0x08007fad   Thumb Code     6  stm32f10x_sdio.o(.text)
    SDIO_ReadData                            0x08007fb3   Thumb Code     6  stm32f10x_sdio.o(.text)
    SDIO_WriteData                           0x08007fb9   Thumb Code     6  stm32f10x_sdio.o(.text)
    SDIO_GetFIFOCount                        0x08007fbf   Thumb Code     6  stm32f10x_sdio.o(.text)
    SDIO_StartSDIOReadWait                   0x08007fc5   Thumb Code     6  stm32f10x_sdio.o(.text)
    SDIO_StopSDIOReadWait                    0x08007fcb   Thumb Code     6  stm32f10x_sdio.o(.text)
    SDIO_SetSDIOReadWaitMode                 0x08007fd1   Thumb Code     6  stm32f10x_sdio.o(.text)
    SDIO_SetSDIOOperation                    0x08007fd7   Thumb Code     6  stm32f10x_sdio.o(.text)
    SDIO_SendSDIOSuspendCmd                  0x08007fdd   Thumb Code     6  stm32f10x_sdio.o(.text)
    SDIO_CommandCompletionCmd                0x08007fe3   Thumb Code     6  stm32f10x_sdio.o(.text)
    SDIO_CEATAITCmd                          0x08007fe9   Thumb Code    10  stm32f10x_sdio.o(.text)
    SDIO_SendCEATACmd                        0x08007ff3   Thumb Code     6  stm32f10x_sdio.o(.text)
    SDIO_GetFlagStatus                       0x08007ff9   Thumb Code    20  stm32f10x_sdio.o(.text)
    SDIO_ClearFlag                           0x0800800d   Thumb Code     6  stm32f10x_sdio.o(.text)
    SDIO_GetITStatus                         0x08008013   Thumb Code    20  stm32f10x_sdio.o(.text)
    SDIO_ClearITPendingBit                   0x08008027   Thumb Code     6  stm32f10x_sdio.o(.text)
    SystemInit                               0x0800812f   Thumb Code    68  system_stm32f10x.o(.text)
    __aeabi_uldivmod                         0x08008185   Thumb Code     0  lludivv7m.o(.text)
    _ll_udiv                                 0x08008185   Thumb Code   238  lludivv7m.o(.text)
    __2printf                                0x08008275   Thumb Code    20  noretval__2printf.o(.text)
    __aeabi_memcpy4                          0x0800828d   Thumb Code     0  rt_memcpy_w.o(.text)
    __aeabi_memcpy8                          0x0800828d   Thumb Code     0  rt_memcpy_w.o(.text)
    __rt_memcpy_w                            0x0800828d   Thumb Code   100  rt_memcpy_w.o(.text)
    _memcpy_lastbytes_aligned                0x080082d5   Thumb Code     0  rt_memcpy_w.o(.text)
    __aeabi_memclr4                          0x080082f1   Thumb Code     0  rt_memclr_w.o(.text)
    __aeabi_memclr8                          0x080082f1   Thumb Code     0  rt_memclr_w.o(.text)
    __rt_memclr_w                            0x080082f1   Thumb Code    78  rt_memclr_w.o(.text)
    _memset_w                                0x080082f5   Thumb Code     0  rt_memclr_w.o(.text)
    __use_two_region_memory                  0x0800833f   Thumb Code     2  heapauxi.o(.text)
    __rt_heap_escrow$2region                 0x08008341   Thumb Code     2  heapauxi.o(.text)
    __rt_heap_expand$2region                 0x08008343   Thumb Code     2  heapauxi.o(.text)
    _printf_char_file                        0x08008345   Thumb Code    32  _printf_char_file.o(.text)
    _printf_char_common                      0x08008373   Thumb Code    32  _printf_char_common.o(.text)
    ferror                                   0x08008399   Thumb Code     8  ferror.o(.text)
    __user_setup_stackheap                   0x080083a1   Thumb Code    74  sys_stackheap_outer.o(.text)
    __printf                                 0x080083eb   Thumb Code    38  __printf_nopercent.o(.text)
    exit                                     0x08008411   Thumb Code    12  exit.o(.text)
    __user_libspace                          0x0800841d   Thumb Code     8  libspace.o(.text)
    __user_perproc_libspace                  0x0800841d   Thumb Code     0  libspace.o(.text)
    __user_perthread_libspace                0x0800841d   Thumb Code     0  libspace.o(.text)
    _sys_exit                                0x08008425   Thumb Code     8  sys_exit.o(.text)
    __rt_fp_status_addr                      0x08008431   Thumb Code    12  rt_fp_status_addr_intlibspace.o(.text)
    __I$use$semihosting                      0x0800843d   Thumb Code     0  use_no_semi.o(.text)
    __use_no_semihosting_swi                 0x0800843d   Thumb Code     2  use_no_semi.o(.text)
    __fpl_dcmp_Inf                           0x0800843f   Thumb Code    24  dcmpi.o(x$fpl$dcmpinf)
    __aeabi_ddiv                             0x08008459   Thumb Code     0  ddiv.o(x$fpl$ddiv)
    _ddiv                                    0x08008459   Thumb Code   552  ddiv.o(x$fpl$ddiv)
    __aeabi_cdcmpeq                          0x08008709   Thumb Code     0  deqf.o(x$fpl$deqf)
    _dcmpeq                                  0x08008709   Thumb Code   120  deqf.o(x$fpl$deqf)
    __aeabi_d2uiz                            0x08008781   Thumb Code     0  dfixu.o(x$fpl$dfixu)
    _dfixu                                   0x08008781   Thumb Code    90  dfixu.o(x$fpl$dfixu)
    __aeabi_ui2d                             0x080087db   Thumb Code     0  dflt_clz.o(x$fpl$dfltu)
    _dfltu                                   0x080087db   Thumb Code    38  dflt_clz.o(x$fpl$dfltu)
    __aeabi_cdcmple                          0x08008801   Thumb Code     0  dleqf.o(x$fpl$dleqf)
    _dcmple                                  0x08008801   Thumb Code   120  dleqf.o(x$fpl$dleqf)
    __fpl_dcmple_InfNaN                      0x08008863   Thumb Code     0  dleqf.o(x$fpl$dleqf)
    __fpl_dnaninf                            0x08008879   Thumb Code   156  dnaninf.o(x$fpl$dnaninf)
    __fpl_dretinf                            0x08008915   Thumb Code    12  dretinf.o(x$fpl$dretinf)
    _fp_init                                 0x08008921   Thumb Code    14  fpinit.o(x$fpl$fpinit)
    __fplib_config_pureend_doubles           0x0800892d   Thumb Code     0  fpinit.o(x$fpl$fpinit)
    __I$use$fp                               0x0800892f   Thumb Code     0  usenofp.o(x$fpl$usenofp)
    SystemFrequency                          0x08008eb0   Data           4  system_stm32f10x.o(.constdata)
    SystemFrequency_SysClk                   0x08008eb4   Data           4  system_stm32f10x.o(.constdata)
    SystemFrequency_AHBClk                   0x08008eb8   Data           4  system_stm32f10x.o(.constdata)
    SystemFrequency_APB1Clk                  0x08008ebc   Data           4  system_stm32f10x.o(.constdata)
    SystemFrequency_APB2Clk                  0x08008ec0   Data           4  system_stm32f10x.o(.constdata)
    Region$$Table$$Base                      0x08008ec4   Number         0  anon$$obj.o(Region$$Table)
    Region$$Table$$Limit                     0x08008ee4   Number         0  anon$$obj.o(Region$$Table)
    __stdout                                 0x20000000   Data           4  debug_uart.o(.data)
    __stdin                                  0x20000004   Data           4  debug_uart.o(.data)
    TM_TimingDelay                           0x20000008   Data           4  tm_stm32f4_delay.o(.data)
    TM_Time                                  0x2000000c   Data           4  tm_stm32f4_delay.o(.data)
    TM_Time2                                 0x20000010   Data           4  tm_stm32f4_delay.o(.data)
    TM_DELAY_Initialized                     0x20000014   Data           1  tm_stm32f4_delay.o(.data)
    mult                                     0x20000018   Data           4  tm_stm32f4_delay.o(.data)
    TM_RTC_Status                            0x2000001c   Data           4  tm_stm32f4_rtc.o(.data)
    TM_RTC_Months                            0x20000020   Data          24  tm_stm32f4_rtc.o(.data)
    NVIC_InitStruct                          0x20000068   Data           4  tm_stm32f4_rtc.o(.data)
    EXTI_InitStruct                          0x2000006c   Data           8  tm_stm32f4_rtc.o(.data)
    TM_USART1                                0x20000078   Data          16  tm_stm32f4_usart.o(.data)
    TM_USART2                                0x20000088   Data          16  tm_stm32f4_usart.o(.data)
    TM_USART3                                0x20000098   Data          16  tm_stm32f4_usart.o(.data)
    TM_UART4                                 0x200000a8   Data          16  tm_stm32f4_usart.o(.data)
    TM_UART5                                 0x200000b8   Data          16  tm_stm32f4_usart.o(.data)
    StopCondition                            0x200000dc   Data           4  fatfs_sd_sdio.o(.data)
    TransferError                            0x200000e0   Data           1  fatfs_sd_sdio.o(.data)
    TransferEnd                              0x200000e4   Data           4  fatfs_sd_sdio.o(.data)
    DMAEndOfTransfer                         0x200000e8   Data           4  fatfs_sd_sdio.o(.data)
    TM_USART1_Buffer                         0x20000104   Data          32  tm_stm32f4_usart.o(.bss)
    TM_USART2_Buffer                         0x20000124   Data          32  tm_stm32f4_usart.o(.bss)
    TM_USART3_Buffer                         0x20000144   Data          32  tm_stm32f4_usart.o(.bss)
    TM_UART4_Buffer                          0x20000164   Data          32  tm_stm32f4_usart.o(.bss)
    TM_UART5_Buffer                          0x20000184   Data          32  tm_stm32f4_usart.o(.bss)
    SDCardInfo                               0x200003d8   Data          88  fatfs_sd_sdio.o(.bss)
    SDIO_InitStructure                       0x20000430   Data          24  fatfs_sd_sdio.o(.bss)
    SDIO_CmdInitStructure                    0x20000448   Data          20  fatfs_sd_sdio.o(.bss)
    SDIO_DataInitStructure                   0x2000045c   Data          24  fatfs_sd_sdio.o(.bss)
    __libspace_start                         0x20000474   Data          96  libspace.o(.bss)
    __temporary_stack_top$libspace           0x200004d4   Data           0  libspace.o(.bss)



==============================================================================

Memory Map of the image

  Image Entry point : 0x080001d3

  Load Region LR_1 (Base: 0x08000000, Size: 0x00008fe8, Max: 0xffffffff, ABSOLUTE)

    Execution Region ER_RO (Base: 0x08000000, Size: 0x00008ee4, Max: 0xffffffff, ABSOLUTE)

    Base Addr    Size         Type   Attr      Idx    E Section Name        Object

    0x08000000   0x00000130   Data   RO            3    RESET               startup_stm32f10x_hd.o
    0x08000130   0x00000008   Code   RO          624  * !!!main             c_w.l(__main.o)(c_w.l)
    0x08000138   0x00000034   Code   RO          849    !!!scatter          c_w.l(__scatter.o)(c_w.l)
    0x0800016c   0x0000001a   Code   RO          851    !!handler_copy      c_w.l(__scatter_copy.o)(c_w.l)
    0x08000186   0x00000002   PAD
    0x08000188   0x0000001c   Code   RO          853    !!handler_zi        c_w.l(__scatter_zi.o)(c_w.l)
    0x080001a4   0x00000006   Code   RO          719    .ARM.Collect$$libinit$$00000000  c_w.l(libinit.o)(c_w.l)
    0x080001aa   0x00000000   Code   RO          733    .ARM.Collect$$libinit$$00000006  c_w.l(libinit2.o)(c_w.l)
    0x080001aa   0x00000000   Code   RO          735    .ARM.Collect$$libinit$$00000008  c_w.l(libinit2.o)(c_w.l)
    0x080001aa   0x00000000   Code   RO          737    .ARM.Collect$$libinit$$0000000A  c_w.l(libinit2.o)(c_w.l)
    0x080001aa   0x00000000   Code   RO          740    .ARM.Collect$$libinit$$0000000D  c_w.l(libinit2.o)(c_w.l)
    0x080001aa   0x00000000   Code   RO          742    .ARM.Collect$$libinit$$0000000F  c_w.l(libinit2.o)(c_w.l)
    0x080001aa   0x00000000   Code   RO          744    .ARM.Collect$$libinit$$00000011  c_w.l(libinit2.o)(c_w.l)
    0x080001aa   0x00000000   Code   RO          746    .ARM.Collect$$libinit$$00000013  c_w.l(libinit2.o)(c_w.l)
    0x080001aa   0x00000000   Code   RO          748    .ARM.Collect$$libinit$$00000015  c_w.l(libinit2.o)(c_w.l)
    0x080001aa   0x00000000   Code   RO          750    .ARM.Collect$$libinit$$00000017  c_w.l(libinit2.o)(c_w.l)
    0x080001aa   0x00000000   Code   RO          752    .ARM.Collect$$libinit$$00000019  c_w.l(libinit2.o)(c_w.l)
    0x080001aa   0x00000000   Code   RO          754    .ARM.Collect$$libinit$$0000001B  c_w.l(libinit2.o)(c_w.l)
    0x080001aa   0x00000000   Code   RO          756    .ARM.Collect$$libinit$$0000001D  c_w.l(libinit2.o)(c_w.l)
    0x080001aa   0x00000000   Code   RO          758    .ARM.Collect$$libinit$$0000001F  c_w.l(libinit2.o)(c_w.l)
    0x080001aa   0x00000000   Code   RO          760    .ARM.Collect$$libinit$$00000021  c_w.l(libinit2.o)(c_w.l)
    0x080001aa   0x00000000   Code   RO          764    .ARM.Collect$$libinit$$00000028  c_w.l(libinit2.o)(c_w.l)
    0x080001aa   0x00000000   Code   RO          766    .ARM.Collect$$libinit$$0000002A  c_w.l(libinit2.o)(c_w.l)
    0x080001aa   0x00000000   Code   RO          768    .ARM.Collect$$libinit$$0000002C  c_w.l(libinit2.o)(c_w.l)
    0x080001aa   0x00000000   Code   RO          770    .ARM.Collect$$libinit$$0000002E  c_w.l(libinit2.o)(c_w.l)
    0x080001aa   0x00000002   Code   RO          771    .ARM.Collect$$libinit$$0000002F  c_w.l(libinit2.o)(c_w.l)
    0x080001ac   0x00000002   Code   RO          807    .ARM.Collect$$libshutdown$$00000000  c_w.l(libshutdown.o)(c_w.l)
    0x080001ae   0x00000000   Code   RO          834    .ARM.Collect$$libshutdown$$00000003  c_w.l(libshutdown2.o)(c_w.l)
    0x080001ae   0x00000000   Code   RO          837    .ARM.Collect$$libshutdown$$00000006  c_w.l(libshutdown2.o)(c_w.l)
    0x080001ae   0x00000000   Code   RO          840    .ARM.Collect$$libshutdown$$00000009  c_w.l(libshutdown2.o)(c_w.l)
    0x080001ae   0x00000000   Code   RO          842    .ARM.Collect$$libshutdown$$0000000B  c_w.l(libshutdown2.o)(c_w.l)
    0x080001ae   0x00000000   Code   RO          845    .ARM.Collect$$libshutdown$$0000000E  c_w.l(libshutdown2.o)(c_w.l)
    0x080001ae   0x00000002   Code   RO          846    .ARM.Collect$$libshutdown$$0000000F  c_w.l(libshutdown2.o)(c_w.l)
    0x080001b0   0x00000000   Code   RO          658    .ARM.Collect$$rtentry$$00000000  c_w.l(rtentry.o)(c_w.l)
    0x080001b0   0x00000000   Code   RO          678    .ARM.Collect$$rtentry$$00000002  c_w.l(rtentry2.o)(c_w.l)
    0x080001b0   0x00000006   Code   RO          693    .ARM.Collect$$rtentry$$00000004  c_w.l(rtentry4.o)(c_w.l)
    0x080001b6   0x00000000   Code   RO          680    .ARM.Collect$$rtentry$$00000009  c_w.l(rtentry2.o)(c_w.l)
    0x080001b6   0x00000004   Code   RO          681    .ARM.Collect$$rtentry$$0000000A  c_w.l(rtentry2.o)(c_w.l)
    0x080001ba   0x00000000   Code   RO          683    .ARM.Collect$$rtentry$$0000000C  c_w.l(rtentry2.o)(c_w.l)
    0x080001ba   0x00000008   Code   RO          684    .ARM.Collect$$rtentry$$0000000D  c_w.l(rtentry2.o)(c_w.l)
    0x080001c2   0x00000002   Code   RO          723    .ARM.Collect$$rtexit$$00000000  c_w.l(rtexit.o)(c_w.l)
    0x080001c4   0x00000000   Code   RO          777    .ARM.Collect$$rtexit$$00000002  c_w.l(rtexit2.o)(c_w.l)
    0x080001c4   0x00000004   Code   RO          778    .ARM.Collect$$rtexit$$00000003  c_w.l(rtexit2.o)(c_w.l)
    0x080001c8   0x00000006   Code   RO          779    .ARM.Collect$$rtexit$$00000004  c_w.l(rtexit2.o)(c_w.l)
    0x080001ce   0x00000002   PAD
    0x080001d0   0x00000048   Code   RO            4  * .text               startup_stm32f10x_hd.o
    0x08000218   0x000000ec   Code   RO           10    .text               main.o
    0x08000304   0x0000001a   Code   RO           92    .text               stm32f10x_it.o
    0x0800031e   0x00000002   PAD
    0x08000320   0x00000024   Code   RO          107    .text               debug_uart.o
    0x08000344   0x00000278   Code   RO          126    .text               tm_stm32f4_timer_properties.o
    0x080005bc   0x0000014c   Code   RO          138    .text               tm_stm32f4_delay.o
    0x08000708   0x000006e8   Code   RO          215    .text               tm_stm32f4_rtc.o
    0x08000df0   0x00000134   Code   RO          249    .text               tm_stm32f4_gpio.o
    0x08000f24   0x00000408   Code   RO          266    .text               tm_stm32f4_usart.o
    0x0800132c   0x0000014c   Code   RO          321    .text               tm_stm32f4_fatfs.o
    0x08001478   0x000000ec   Code   RO          333    .text               diskio.o
    0x08001564   0x00002da0   Code   RO          354    .text               ff.o
    0x08004304   0x00000084   Code   RO          388    .text               unicode.o
    0x08004388   0x00001dc0   Code   RO          405    .text               fatfs_sd_sdio.o
    0x08006148   0x0000032c   Code   RO          424    .text               stm32f10x_gpio.o
    0x08006474   0x000003a0   Code   RO          436    .text               stm32f10x_rcc.o
    0x08006814   0x00000244   Code   RO          462    .text               stm32f10x_dma.o
    0x08006a58   0x000000f8   Code   RO          486    .text               misc.o
    0x08006b50   0x00000b64   Code   RO          498    .text               stm32f10x_tim.o
    0x080076b4   0x00000178   Code   RO          510    .text               stm32f10x_rtc.o
    0x0800782c   0x000000c0   Code   RO          522    .text               stm32f10x_bkp.o
    0x080078ec   0x000000c8   Code   RO          534    .text               stm32f10x_pwr.o
    0x080079b4   0x00000160   Code   RO          546    .text               stm32f10x_exti.o
    0x08007b14   0x00000378   Code   RO          558    .text               stm32f10x_usart.o
    0x08007e8c   0x000001d4   Code   RO          570    .text               stm32f10x_sdio.o
    0x08008060   0x00000124   Code   RO          592    .text               system_stm32f10x.o
    0x08008184   0x000000ee   Code   RO          612    .text               c_w.l(lludivv7m.o)(c_w.l)
    0x08008272   0x00000002   PAD
    0x08008274   0x00000018   Code   RO          616    .text               c_w.l(noretval__2printf.o)(c_w.l)
    0x0800828c   0x00000064   Code   RO          618    .text               c_w.l(rt_memcpy_w.o)(c_w.l)
    0x080082f0   0x0000004e   Code   RO          620    .text               c_w.l(rt_memclr_w.o)(c_w.l)
    0x0800833e   0x00000006   Code   RO          622    .text               c_w.l(heapauxi.o)(c_w.l)
    0x08008344   0x00000024   Code   RO          664    .text               c_w.l(_printf_char_file.o)(c_w.l)
    0x08008368   0x00000030   Code   RO          697    .text               c_w.l(_printf_char_common.o)(c_w.l)
    0x08008398   0x00000008   Code   RO          699    .text               c_w.l(ferror.o)(c_w.l)
    0x080083a0   0x0000004a   Code   RO          703    .text               c_w.l(sys_stackheap_outer.o)(c_w.l)
    0x080083ea   0x00000026   Code   RO          705    .text               c_w.l(__printf_nopercent.o)(c_w.l)
    0x08008410   0x0000000c   Code   RO          707    .text               c_w.l(exit.o)(c_w.l)
    0x0800841c   0x00000008   Code   RO          720    .text               c_w.l(libspace.o)(c_w.l)
    0x08008424   0x0000000c   Code   RO          774    .text               c_w.l(sys_exit.o)(c_w.l)
    0x08008430   0x0000000c   Code   RO          787    .text               c_w.l(rt_fp_status_addr_intlibspace.o)(c_w.l)
    0x0800843c   0x00000002   Code   RO          797    .text               c_w.l(use_no_semi.o)(c_w.l)
    0x0800843e   0x00000018   Code   RO          666    x$fpl$dcmpinf       fz_ws.l(dcmpi.o)(fz_ws.l)
    0x08008456   0x00000002   PAD
    0x08008458   0x000002b0   Code   RO          627    x$fpl$ddiv          fz_ws.l(ddiv.o)(fz_ws.l)
    0x08008708   0x00000078   Code   RO          630    x$fpl$deqf          fz_ws.l(deqf.o)(fz_ws.l)
    0x08008780   0x0000005a   Code   RO          632    x$fpl$dfixu         fz_ws.l(dfixu.o)(fz_ws.l)
    0x080087da   0x00000026   Code   RO          636    x$fpl$dfltu         fz_ws.l(dflt_clz.o)(fz_ws.l)
    0x08008800   0x00000078   Code   RO          642    x$fpl$dleqf         fz_ws.l(dleqf.o)(fz_ws.l)
    0x08008878   0x0000009c   Code   RO          668    x$fpl$dnaninf       fz_ws.l(dnaninf.o)(fz_ws.l)
    0x08008914   0x0000000c   Code   RO          670    x$fpl$dretinf       fz_ws.l(dretinf.o)(fz_ws.l)
    0x08008920   0x0000000e   Code   RO          772    x$fpl$fpinit        fz_ws.l(fpinit.o)(fz_ws.l)
    0x0800892e   0x00000000   Code   RO          676    x$fpl$usenofp       fz_ws.l(usenofp.o)(fz_ws.l)
    0x0800892e   0x00000002   PAD
    0x08008930   0x00000030   Data   RO          216    .constdata          tm_stm32f4_rtc.o
    0x08008960   0x0000008d   Data   RO          356    .constdata          ff.o
    0x080089ed   0x00000001   PAD
    0x080089ee   0x000004c0   Data   RO          389    .constdata          unicode.o
    0x08008eae   0x00000002   PAD
    0x08008eb0   0x00000014   Data   RO          593    .constdata          system_stm32f10x.o
    0x08008ec4   0x00000020   Data   RO          847    Region$$Table       anon$$obj.o


    Execution Region ER_RW (Base: 0x20000000, Size: 0x00000104, Max: 0xffffffff, ABSOLUTE)

    Base Addr    Size         Type   Attr      Idx    E Section Name        Object

    0x20000000   0x00000008   Data   RW          108    .data               debug_uart.o
    0x20000008   0x00000014   Data   RW          139    .data               tm_stm32f4_delay.o
    0x2000001c   0x00000058   Data   RW          217    .data               tm_stm32f4_rtc.o
    0x20000074   0x00000004   Data   RW          250    .data               tm_stm32f4_gpio.o
    0x20000078   0x00000050   Data   RW          268    .data               tm_stm32f4_usart.o
    0x200000c8   0x0000000b   Data   RW          357    .data               ff.o
    0x200000d3   0x00000001   PAD
    0x200000d4   0x00000019   Data   RW          407    .data               fatfs_sd_sdio.o
    0x200000ed   0x00000014   Data   RW          437    .data               stm32f10x_rcc.o


    Execution Region ER_ZI (Base: 0x20000104, Size: 0x000005d4, Max: 0xffffffff, ABSOLUTE)

    Base Addr    Size         Type   Attr      Idx    E Section Name        Object

    0x20000104   0x000000a0   Zero   RW          267    .bss                tm_stm32f4_usart.o
    0x200001a4   0x00000200   Zero   RW          355    .bss                ff.o
    0x200003a4   0x00000004   PAD
    0x200003a8   0x000000cc   Zero   RW          406    .bss                fatfs_sd_sdio.o
    0x20000474   0x00000060   Zero   RW          721    .bss                c_w.l(libspace.o)(c_w.l)
    0x200004d4   0x00000004   PAD
    0x200004d8   0x00000000   Zero   RW            2    HEAP                startup_stm32f10x_hd.o
    0x200004d8   0x00000200   Zero   RW            1    STACK               startup_stm32f10x_hd.o


==============================================================================

Image component sizes


      Code (inc. data)   RO Data    RW Data    ZI Data      Debug   Object Name

        36          6          0          8          0          0   debug_uart.o
       236          4          0          0          0          0   diskio.o
      7616        290          0         25        204          0   fatfs_sd_sdio.o
     11680        102        141         11        512          0   ff.o
       236        116          0          0          0          0   main.o
       248         30          0          0          0          0   misc.o
        72         26        304          0        512          0   startup_stm32f10x_hd.o
       192         32          0          0          0          0   stm32f10x_bkp.o
       580         26          0          0          0          0   stm32f10x_dma.o
       352         34          0          0          0          0   stm32f10x_exti.o
       812         18          0          0          0          0   stm32f10x_gpio.o
        26          0          0          0          0          0   stm32f10x_it.o
       200         16          0          0          0          0   stm32f10x_pwr.o
       928         52          0         20          0          0   stm32f10x_rcc.o
       376         32          0          0          0          0   stm32f10x_rtc.o
       468         52          0          0          0          0   stm32f10x_sdio.o
      2916         16          0          0          0          0   stm32f10x_tim.o
       888         14          0          0          0          0   stm32f10x_usart.o
         0          0          0          0          0          0   syscall.o
       292         18         20          0          0          0   system_stm32f10x.o
       332         24          0         20          0          0   tm_stm32f4_delay.o
       332         10          0          0          0          0   tm_stm32f4_fatfs.o
       308         32          0          4          0          0   tm_stm32f4_gpio.o
      1768         52         48         88          0          0   tm_stm32f4_rtc.o
       632         28          0          0          0          0   tm_stm32f4_timer_properties.o
      1032         62          0         80        160          0   tm_stm32f4_usart.o
       132         14       1216          0          0          0   unicode.o

    ----------------------------------------------------------------------
     32692       1106       1764        260       1392          0   Object Totals
         0          0         32          0          0          0   (incl. Generated)
         2          0          3          4          4          1   (incl. Padding)

    ----------------------------------------------------------------------

      Code (inc. data)   RO Data    RW Data    ZI Data      Debug   Library Member Name

         8          0          0          0          0          0   __main.o
        38          0          0          0          0          0   __printf_nopercent.o
        52          8          0          0          0          0   __scatter.o
        26          0          0          0          0          0   __scatter_copy.o
        28          0          0          0          0          0   __scatter_zi.o
        48          6          0          0          0          0   _printf_char_common.o
        36          4          0          0          0          0   _printf_char_file.o
        12          0          0          0          0          0   exit.o
         8          0          0          0          0          0   ferror.o
         6          0          0          0          0          0   heapauxi.o
         6          0          0          0          0          0   libinit.o
         2          0          0          0          0          0   libinit2.o
         2          0          0          0          0          0   libshutdown.o
         2          0          0          0          0          0   libshutdown2.o
         8          4          0          0         96          0   libspace.o
       238          0          0          0          0          0   lludivv7m.o
        24          4          0          0          0          0   noretval__2printf.o
        12          4          0          0          0          0   rt_fp_status_addr_intlibspace.o
        78          0          0          0          0          0   rt_memclr_w.o
       100          0          0          0          0          0   rt_memcpy_w.o
         0          0          0          0          0          0   rtentry.o
        12          0          0          0          0          0   rtentry2.o
         6          0          0          0          0          0   rtentry4.o
         2          0          0          0          0          0   rtexit.o
        10          0          0          0          0          0   rtexit2.o
        12          4          0          0          0          0   sys_exit.o
        74          0          0          0          0          0   sys_stackheap_outer.o
         2          0          0          0          0          0   use_no_semi.o
        24          0          0          0          0          0   dcmpi.o
       688        140          0          0          0          0   ddiv.o
       120          4          0          0          0          0   deqf.o
        90          4          0          0          0          0   dfixu.o
        38          0          0          0          0          0   dflt_clz.o
       120          4          0          0          0          0   dleqf.o
       156          4          0          0          0          0   dnaninf.o
        12          0          0          0          0          0   dretinf.o
        14          0          0          0          0          0   fpinit.o
         0          0          0          0          0          0   usenofp.o

    ----------------------------------------------------------------------
      2124        190          0          0        100          0   Library Totals
        10          0          0          0          4          0   (incl. Padding)

    ----------------------------------------------------------------------

      Code (inc. data)   RO Data    RW Data    ZI Data      Debug   Library Name

       852         34          0          0         96       1312   c_w.l
      1262        156          0          0          0        860   fz_ws.l

    ----------------------------------------------------------------------
      2124        190          0          0        100          0   Library Totals

    ----------------------------------------------------------------------

==============================================================================


      Code (inc. data)   RO Data    RW Data    ZI Data      Debug   

     34816       1296       1764        260       1492     436364   Grand Totals
     34816       1296       1764        260       1492     436364   ELF Image Totals
     34816       1296       1764        260          0          0   ROM Totals

==============================================================================

    Total RO  Size (Code + RO Data)                36580 (  35.72kB)
    Total RW  Size (RW Data + ZI Data)              1752 (   1.71kB)
    Total ROM Size (Code + RO Data + RW Data)      36840 (  35.98kB)

==============================================================================

